Working directory: /home/2017025/ayouce01/Textual-Anomaly-Detection-Framework/Anomaly Detection Framework
Job ID: 1952565
Timestamp: 

<<<<<<<<<<<<<< agnews >>>>>>>>>>>>>>>>>>>

------------------------ Business(1/1) -----------------------------
torch.Size([27000, 256, 768])
+++++++++++++++++++++ run : 1 / 10 +++++++++++++++++

torch.Size([1900, 256, 768])
Training sur 27000 samples, 211 batches
K=20 masks, ratio=0.5, seq_len=300
Epoch 1/30 - Loss: 395.51 (RMD: 3.6129, RTD: 0.6844) | Masked: 9.24%
Epoch 7/30 - Loss: 343.59 (RMD: 3.0885, RTD: 0.6947) | Masked: 9.25%
Epoch 13/30 - Loss: 341.07 (RMD: 3.0637, RTD: 0.6940) | Masked: 9.20%
Epoch 19/30 - Loss: 336.46 (RMD: 3.0178, RTD: 0.6936) | Masked: 9.27%
Epoch 25/30 - Loss: 336.79 (RMD: 3.0211, RTD: 0.6936) | Masked: 9.15%
\DATE finishing... after 7.965 mn
DATE --> AUC: 0.4935 | FPR@95: 0.9614 | AP: 0.1010

+++++++++++++++++++++ run : 2 / 10 +++++++++++++++++

torch.Size([1900, 256, 768])
Training sur 27000 samples, 211 batches
K=20 masks, ratio=0.5, seq_len=300
Epoch 1/30 - Loss: 379.33 (RMD: 3.5622, RTD: 0.4623) | Masked: 9.43%
Epoch 7/30 - Loss: 341.93 (RMD: 3.0956, RTD: 0.6473) | Masked: 9.49%
Epoch 13/30 - Loss: 339.71 (RMD: 3.0537, RTD: 0.6868) | Masked: 9.47%
Epoch 19/30 - Loss: 339.91 (RMD: 3.0527, RTD: 0.6929) | Masked: 9.43%
Epoch 25/30 - Loss: 337.94 (RMD: 3.0326, RTD: 0.6936) | Masked: 9.48%
\DATE finishing... after 7.922 mn
DATE --> AUC: 0.5367 | FPR@95: 0.9678 | AP: 0.1095

+++++++++++++++++++++ run : 3 / 10 +++++++++++++++++

torch.Size([1900, 256, 768])
Training sur 27000 samples, 211 batches
K=20 masks, ratio=0.5, seq_len=300
Epoch 1/30 - Loss: 374.51 (RMD: 3.5775, RTD: 0.3354) | Masked: 9.15%
