Working directory: /home/2017025/ayouce01/Textual-Anomaly-Detection-Framework/Anomaly Detection Framework
Job ID: 1599623
Timestamp: 20260119_163924
------------------------ computer(1/6) -----------------------------
torch.Size([318, 768])
torch.Size([2576, 768])
+++++++++++++++++++++ run : 1 +++++++++++++++++

Training sur 2894 samples, 91 batches
K=25 masks, ratio=0.25, seq_len=498
Epoch 1/20 - Loss: 373.39 (RMD: 3.4225, RTD: 0.6229) | Masked: 6.13%
Epoch 5/20 - Loss: 359.32 (RMD: 3.3291, RTD: 0.5283) | Masked: 6.16%
Epoch 9/20 - Loss: 350.46 (RMD: 3.2625, RTD: 0.4842) | Masked: 6.07%
Epoch 13/20 - Loss: 348.08 (RMD: 3.2650, RTD: 0.4317) | Masked: 6.16%
Epoch 17/20 - Loss: 345.66 (RMD: 3.2719, RTD: 0.3694) | Masked: 6.10%
\DATE finishing... after 8.477 mn
DATE --> AUC: 0.7814 | FPR@95: 0.2422 | AP: 0.6574

+++++++++++++++++++++ run : 2 +++++++++++++++++

Training sur 2894 samples, 91 batches
K=25 masks, ratio=0.25, seq_len=498
Epoch 1/20 - Loss: 366.05 (RMD: 3.3529, RTD: 0.6152) | Masked: 6.23%
Epoch 5/20 - Loss: 353.85 (RMD: 3.2751, RTD: 0.5268) | Masked: 6.10%
Epoch 9/20 - Loss: 350.12 (RMD: 3.2597, RTD: 0.4829) | Masked: 6.12%
Epoch 13/20 - Loss: 349.42 (RMD: 3.2797, RTD: 0.4290) | Masked: 6.18%
Epoch 17/20 - Loss: 345.38 (RMD: 3.2740, RTD: 0.3597) | Masked: 6.14%
\DATE finishing... after 8.482 mn
DATE --> AUC: 0.8248 | FPR@95: 0.3103 | AP: 0.5241

+++++++++++++++++++++ run : 3 +++++++++++++++++

Training sur 2894 samples, 91 batches
K=25 masks, ratio=0.25, seq_len=498
Epoch 1/20 - Loss: 362.07 (RMD: 3.3028, RTD: 0.6358) | Masked: 5.89%
Epoch 5/20 - Loss: 357.80 (RMD: 3.3145, RTD: 0.5270) | Masked: 6.05%
Epoch 9/20 - Loss: 349.97 (RMD: 3.2587, RTD: 0.4820) | Masked: 5.87%
Epoch 13/20 - Loss: 349.88 (RMD: 3.2809, RTD: 0.4359) | Masked: 5.92%
Epoch 17/20 - Loss: 343.62 (RMD: 3.2460, RTD: 0.3803) | Masked: 5.99%
\DATE finishing... after 8.499 mn
DATE --> AUC: 0.8261 | FPR@95: 0.3284 | AP: 0.5428

+++++++++++++++++++++ run : 4 +++++++++++++++++

Training sur 2894 samples, 91 batches
K=25 masks, ratio=0.25, seq_len=498
Epoch 1/20 - Loss: 369.39 (RMD: 3.3548, RTD: 0.6782) | Masked: 6.08%
Epoch 5/20 - Loss: 357.05 (RMD: 3.3042, RTD: 0.5327) | Masked: 6.12%
Epoch 9/20 - Loss: 351.65 (RMD: 3.2735, RTD: 0.4862) | Masked: 6.12%
Epoch 13/20 - Loss: 343.44 (RMD: 3.2201, RTD: 0.4286) | Masked: 6.04%
