Job ID: 1956493

<<<<<<<<<<<<<< dbpedia14 >>>>>>>>>>>>>>>>>>>

------------------------ Plant(1/1) -----------------------------
torch.Size([25000, 256, 768])
+++++++++++++++++++++ run : 1 / 3 +++++++++++++++++

torch.Size([5000, 256, 768])
Epoch 50/100 - Loss: 0.0043
Epoch 100/100 - Loss: 0.0043

RSRAE finishing... after 6.720 mn
RSRAE --> AUC: 0.9760 | FPR@95: 0.0838 | AP: 0.7701

Training sur 36000 samples, 71 batches
K=50 masks, ratio=0.5, seq_len=256
Epoch 1/50 - Loss: 545.47 (RMD: 5.1398, RTD: 0.6299) | Masked: 10.66%
Epoch 11/50 - Loss: 426.67 (RMD: 4.1394, RTD: 0.2546) | Masked: 10.91%
Epoch 21/50 - Loss: 408.93 (RMD: 3.9951, RTD: 0.1884) | Masked: 10.94%
Epoch 31/50 - Loss: 423.62 (RMD: 4.0114, RTD: 0.4495) | Masked: 10.79%
Epoch 41/50 - Loss: 427.85 (RMD: 3.9722, RTD: 0.6127) | Masked: 10.67%
\DATE finishing... after 12.800 mn
DATE --> AUC: 0.3742 | FPR@95: 0.9918 | AP: 0.1062

+++++++++++++++++++++ run : 2 / 3 +++++++++++++++++

torch.Size([5000, 256, 768])
Epoch 50/100 - Loss: 0.0043
Epoch 100/100 - Loss: 0.0043

RSRAE finishing... after 6.855 mn
RSRAE --> AUC: 0.9761 | FPR@95: 0.0682 | AP: 0.7642

Training sur 36000 samples, 71 batches
K=50 masks, ratio=0.5, seq_len=256
Epoch 1/50 - Loss: 545.47 (RMD: 5.1398, RTD: 0.6299) | Masked: 10.66%
Epoch 11/50 - Loss: 426.67 (RMD: 4.1394, RTD: 0.2546) | Masked: 10.91%
Epoch 21/50 - Loss: 408.93 (RMD: 3.9951, RTD: 0.1884) | Masked: 10.94%
Epoch 31/50 - Loss: 423.62 (RMD: 4.0114, RTD: 0.4495) | Masked: 10.79%
Epoch 41/50 - Loss: 427.85 (RMD: 3.9722, RTD: 0.6127) | Masked: 10.67%
\DATE finishing... after 13.008 mn
DATE --> AUC: 0.3794 | FPR@95: 0.9896 | AP: 0.0992

+++++++++++++++++++++ run : 3 / 3 +++++++++++++++++

torch.Size([5000, 256, 768])
Epoch 50/100 - Loss: 0.0043
Epoch 100/100 - Loss: 0.0043

RSRAE finishing... after 7.143 mn
RSRAE --> AUC: 0.9778 | FPR@95: 0.0678 | AP: 0.7762

Training sur 36000 samples, 71 batches
K=50 masks, ratio=0.5, seq_len=256
Epoch 1/50 - Loss: 545.47 (RMD: 5.1398, RTD: 0.6299) | Masked: 10.66%
Epoch 11/50 - Loss: 426.67 (RMD: 4.1394, RTD: 0.2546) | Masked: 10.91%
Epoch 21/50 - Loss: 408.93 (RMD: 3.9951, RTD: 0.1884) | Masked: 10.94%
Epoch 31/50 - Loss: 423.62 (RMD: 4.0114, RTD: 0.4495) | Masked: 10.79%
Epoch 41/50 - Loss: 427.85 (RMD: 3.9722, RTD: 0.6127) | Masked: 10.67%
\DATE finishing... after 12.878 mn
DATE --> AUC: 0.3796 | FPR@95: 0.9869 | AP: 0.1054

Résultats mis à jour pour (dbpedia14, Plant, bert, RSRAE, nu=0.0).
Résultats existants non modifiés pour (dbpedia14, Plant, bert, DATE, nu=0.0).
