Working directory: /home/2017025/ayouce01/Textual-Anomaly-Detection-Framework/Anomaly Detection Framework
Job ID: 1952460
Timestamp: 

<<<<<<<<<<<<<< sms >>>>>>>>>>>>>>>>>>>

------------------------ normal(1/1) -----------------------------
torch.Size([3858, 256, 768])
+++++++++++++++++++++ run : 1 / 10 +++++++++++++++++

torch.Size([966, 256, 768])
Training sur 3858 samples, 31 batches
K=20 masks, ratio=0.5, seq_len=256
Epoch 1/30 - Loss: 483.17 (RMD: 4.5004, RTD: 0.6626) | Masked: 3.18%
Epoch 7/30 - Loss: 343.25 (RMD: 3.3409, RTD: 0.1834) | Masked: 3.31%
Epoch 13/30 - Loss: 340.88 (RMD: 3.3417, RTD: 0.1341) | Masked: 3.26%
Epoch 19/30 - Loss: 329.57 (RMD: 3.2359, RTD: 0.1196) | Masked: 3.05%
Epoch 25/30 - Loss: 312.76 (RMD: 3.0671, RTD: 0.1209) | Masked: 3.30%
\DATE finishing... after 0.958 mn
DATE --> AUC: 0.9074 | FPR@95: 0.3310 | AP: 0.4702

+++++++++++++++++++++ run : 2 / 10 +++++++++++++++++

torch.Size([966, 256, 768])
Training sur 3858 samples, 31 batches
K=20 masks, ratio=0.5, seq_len=256
Epoch 1/30 - Loss: 469.31 (RMD: 4.3992, RTD: 0.5878) | Masked: 3.08%
Epoch 7/30 - Loss: 356.06 (RMD: 3.4834, RTD: 0.1545) | Masked: 3.16%
Epoch 13/30 - Loss: 317.96 (RMD: 3.1166, RTD: 0.1259) | Masked: 3.26%
Epoch 19/30 - Loss: 332.47 (RMD: 2.9751, RTD: 0.6992) | Masked: 3.13%
Epoch 25/30 - Loss: 350.56 (RMD: 3.1578, RTD: 0.6956) | Masked: 3.36%
\DATE finishing... after 0.948 mn
DATE --> AUC: 0.4685 | FPR@95: 0.9391 | AP: 0.1114

+++++++++++++++++++++ run : 3 / 10 +++++++++++++++++

torch.Size([966, 256, 768])
Training sur 3858 samples, 31 batches
K=20 masks, ratio=0.5, seq_len=256
Epoch 1/30 - Loss: 459.48 (RMD: 4.3000, RTD: 0.5896) | Masked: 3.03%
Epoch 7/30 - Loss: 381.71 (RMD: 3.4680, RTD: 0.6981) | Masked: 3.10%
Epoch 13/30 - Loss: 335.26 (RMD: 3.0017, RTD: 0.7017) | Masked: 2.91%
Epoch 19/30 - Loss: 352.89 (RMD: 3.1819, RTD: 0.6940) | Masked: 3.10%
Epoch 25/30 - Loss: 349.32 (RMD: 3.1481, RTD: 0.6903) | Masked: 2.87%
\DATE finishing... after 0.951 mn
DATE --> AUC: 0.6340 | FPR@95: 0.9069 | AP: 0.1370

+++++++++++++++++++++ run : 4 / 10 +++++++++++++++++

torch.Size([966, 256, 768])
Training sur 3858 samples, 31 batches
K=20 masks, ratio=0.5, seq_len=256
Epoch 1/30 - Loss: 486.89 (RMD: 4.5998, RTD: 0.5382) | Masked: 3.29%
Epoch 7/30 - Loss: 353.32 (RMD: 3.3692, RTD: 0.3279) | Masked: 3.10%
Epoch 13/30 - Loss: 347.95 (RMD: 3.3108, RTD: 0.3374) | Masked: 3.10%
Epoch 19/30 - Loss: 345.00 (RMD: 3.2632, RTD: 0.3736) | Masked: 3.00%
Epoch 25/30 - Loss: 329.25 (RMD: 3.0601, RTD: 0.4649) | Masked: 2.96%
\DATE finishing... after 0.959 mn
DATE --> AUC: 0.6325 | FPR@95: 0.7839 | AP: 0.1301

+++++++++++++++++++++ run : 5 / 10 +++++++++++++++++

torch.Size([966, 256, 768])
Training sur 3858 samples, 31 batches
K=20 masks, ratio=0.5, seq_len=256
Epoch 1/30 - Loss: 464.87 (RMD: 4.3577, RTD: 0.5819) | Masked: 2.89%
Epoch 7/30 - Loss: 331.88 (RMD: 3.2303, RTD: 0.1770) | Masked: 3.10%
Epoch 13/30 - Loss: 339.30 (RMD: 3.1828, RTD: 0.4205) | Masked: 3.11%
Epoch 19/30 - Loss: 354.94 (RMD: 3.3199, RTD: 0.4590) | Masked: 3.16%
Epoch 25/30 - Loss: 339.45 (RMD: 3.1483, RTD: 0.4924) | Masked: 3.06%
\DATE finishing... after 0.948 mn
DATE --> AUC: 0.8758 | FPR@95: 0.4011 | AP: 0.3798

+++++++++++++++++++++ run : 6 / 10 +++++++++++++++++

torch.Size([966, 256, 768])
Training sur 3858 samples, 31 batches
K=20 masks, ratio=0.5, seq_len=256
Epoch 1/30 - Loss: 470.57 (RMD: 4.3951, RTD: 0.6212) | Masked: 3.23%
Epoch 7/30 - Loss: 350.64 (RMD: 3.1585, RTD: 0.6958) | Masked: 3.13%
Epoch 13/30 - Loss: 354.50 (RMD: 3.1972, RTD: 0.6956) | Masked: 3.21%
Epoch 19/30 - Loss: 344.34 (RMD: 3.0950, RTD: 0.6967) | Masked: 3.32%
Epoch 25/30 - Loss: 354.88 (RMD: 3.2014, RTD: 0.6947) | Masked: 3.10%
\DATE finishing... after 0.950 mn
DATE --> AUC: 0.8310 | FPR@95: 0.4724 | AP: 0.2935

+++++++++++++++++++++ run : 7 / 10 +++++++++++++++++

torch.Size([966, 256, 768])
Training sur 3858 samples, 31 batches
K=20 masks, ratio=0.5, seq_len=256
Epoch 1/30 - Loss: 445.46 (RMD: 4.1429, RTD: 0.6234) | Masked: 3.02%
Epoch 7/30 - Loss: 352.68 (RMD: 3.1781, RTD: 0.6973) | Masked: 3.04%
Epoch 13/30 - Loss: 374.81 (RMD: 3.4000, RTD: 0.6962) | Masked: 3.04%
Epoch 19/30 - Loss: 347.74 (RMD: 3.1302, RTD: 0.6942) | Masked: 3.01%
Epoch 25/30 - Loss: 343.06 (RMD: 3.0833, RTD: 0.6948) | Masked: 3.20%
\DATE finishing... after 0.957 mn
DATE --> AUC: 0.9262 | FPR@95: 0.2782 | AP: 0.6271

+++++++++++++++++++++ run : 8 / 10 +++++++++++++++++

torch.Size([966, 256, 768])
Training sur 3858 samples, 31 batches
K=20 masks, ratio=0.5, seq_len=256
Epoch 1/30 - Loss: 512.54 (RMD: 4.7795, RTD: 0.6919) | Masked: 2.91%
Epoch 7/30 - Loss: 345.79 (RMD: 3.3356, RTD: 0.2445) | Masked: 3.14%
Epoch 13/30 - Loss: 331.87 (RMD: 3.0848, RTD: 0.4677) | Masked: 2.96%
Epoch 19/30 - Loss: 345.02 (RMD: 3.2025, RTD: 0.4954) | Masked: 3.05%
Epoch 25/30 - Loss: 377.21 (RMD: 3.4243, RTD: 0.6956) | Masked: 3.15%
\DATE finishing... after 0.952 mn
DATE --> AUC: 0.6213 | FPR@95: 0.9920 | AP: 0.2184

+++++++++++++++++++++ run : 9 / 10 +++++++++++++++++

torch.Size([966, 256, 768])
Training sur 3858 samples, 31 batches
K=20 masks, ratio=0.5, seq_len=256
Epoch 1/30 - Loss: 452.68 (RMD: 4.2601, RTD: 0.5334) | Masked: 3.43%
Epoch 7/30 - Loss: 341.64 (RMD: 3.3279, RTD: 0.1770) | Masked: 3.31%
Epoch 13/30 - Loss: 323.56 (RMD: 3.1696, RTD: 0.1319) | Masked: 3.43%
Epoch 19/30 - Loss: 356.25 (RMD: 3.2147, RTD: 0.6957) | Masked: 3.24%
Epoch 25/30 - Loss: 349.05 (RMD: 3.1451, RTD: 0.6909) | Masked: 3.13%
\DATE finishing... after 0.953 mn
DATE --> AUC: 0.3458 | FPR@95: 0.9897 | AP: 0.0780

+++++++++++++++++++++ run : 10 / 10 +++++++++++++++++

torch.Size([966, 256, 768])
Training sur 3858 samples, 31 batches
K=20 masks, ratio=0.5, seq_len=256
Epoch 1/30 - Loss: 475.85 (RMD: 4.4407, RTD: 0.6356) | Masked: 2.92%
Epoch 7/30 - Loss: 316.79 (RMD: 3.0549, RTD: 0.2260) | Masked: 2.90%
Epoch 13/30 - Loss: 338.00 (RMD: 3.3119, RTD: 0.1363) | Masked: 3.21%
Epoch 19/30 - Loss: 317.80 (RMD: 3.1192, RTD: 0.1176) | Masked: 3.21%
Epoch 25/30 - Loss: 351.20 (RMD: 3.1616, RTD: 0.7008) | Masked: 3.12%
\DATE finishing... after 0.943 mn
DATE --> AUC: 0.4906 | FPR@95: 1.0000 | AP: 0.0986

Résultats mis à jour pour (sms, normal, bert, DATE, nu=0.0).
