Working directory: /home/2017025/ayouce01/Textual-Anomaly-Detection-Framework/Anomaly Detection Framework
Job ID: 1952459
Timestamp: 

<<<<<<<<<<<<<< enron >>>>>>>>>>>>>>>>>>>

------------------------ normal(1/1) -----------------------------
torch.Size([15553, 256, 768])
+++++++++++++++++++++ run : 1 / 10 +++++++++++++++++

torch.Size([992, 256, 768])
Training sur 15553 samples, 122 batches
K=20 masks, ratio=0.5, seq_len=256
Epoch 1/30 - Loss: 404.96 (RMD: 3.7109, RTD: 0.6774) | Masked: 29.06%
Epoch 7/30 - Loss: 348.80 (RMD: 3.1413, RTD: 0.6935) | Masked: 28.92%
Epoch 13/30 - Loss: 345.77 (RMD: 3.1110, RTD: 0.6935) | Masked: 29.00%
Epoch 19/30 - Loss: 344.42 (RMD: 3.0976, RTD: 0.6932) | Masked: 29.04%
Epoch 25/30 - Loss: 333.13 (RMD: 3.0074, RTD: 0.6478) | Masked: 28.95%
\DATE finishing... after 3.837 mn
DATE --> AUC: 0.3628 | FPR@95: 0.9899 | AP: 0.0773

+++++++++++++++++++++ run : 2 / 10 +++++++++++++++++

torch.Size([992, 256, 768])
Training sur 15553 samples, 122 batches
K=20 masks, ratio=0.5, seq_len=256
Epoch 1/30 - Loss: 387.69 (RMD: 3.7190, RTD: 0.3158) | Masked: 28.79%
Epoch 7/30 - Loss: 333.78 (RMD: 3.1364, RTD: 0.4029) | Masked: 28.83%
Epoch 13/30 - Loss: 334.27 (RMD: 3.0877, RTD: 0.5100) | Masked: 28.75%
Epoch 19/30 - Loss: 332.48 (RMD: 3.0534, RTD: 0.5428) | Masked: 28.82%
Epoch 25/30 - Loss: 334.21 (RMD: 3.0559, RTD: 0.5723) | Masked: 28.86%
\DATE finishing... after 3.819 mn
DATE --> AUC: 0.5649 | FPR@95: 0.9283 | AP: 0.1142

+++++++++++++++++++++ run : 3 / 10 +++++++++++++++++

torch.Size([992, 256, 768])
Training sur 15553 samples, 122 batches
K=20 masks, ratio=0.5, seq_len=256
Epoch 1/30 - Loss: 407.55 (RMD: 3.9172, RTD: 0.3166) | Masked: 28.88%
Epoch 7/30 - Loss: 334.38 (RMD: 3.1059, RTD: 0.4758) | Masked: 28.91%
Epoch 13/30 - Loss: 336.08 (RMD: 3.0691, RTD: 0.5834) | Masked: 28.83%
Epoch 19/30 - Loss: 333.08 (RMD: 3.0440, RTD: 0.5735) | Masked: 28.99%
Epoch 25/30 - Loss: 327.77 (RMD: 2.9903, RTD: 0.5747) | Masked: 28.76%
\DATE finishing... after 3.860 mn
DATE --> AUC: 0.7986 | FPR@95: 0.8589 | AP: 0.3623

+++++++++++++++++++++ run : 4 / 10 +++++++++++++++++

torch.Size([992, 256, 768])
Training sur 15553 samples, 122 batches
K=20 masks, ratio=0.5, seq_len=256
Epoch 1/30 - Loss: 403.43 (RMD: 3.8683, RTD: 0.3320) | Masked: 28.94%
Epoch 7/30 - Loss: 343.25 (RMD: 3.0851, RTD: 0.6947) | Masked: 28.84%
Epoch 13/30 - Loss: 342.30 (RMD: 3.0980, RTD: 0.6500) | Masked: 28.78%
Epoch 19/30 - Loss: 339.12 (RMD: 3.0630, RTD: 0.6564) | Masked: 28.74%
Epoch 25/30 - Loss: 339.39 (RMD: 3.0601, RTD: 0.6678) | Masked: 28.84%
\DATE finishing... after 3.811 mn
DATE --> AUC: 0.4323 | FPR@95: 0.9339 | AP: 0.0828

+++++++++++++++++++++ run : 5 / 10 +++++++++++++++++

torch.Size([992, 256, 768])
Training sur 15553 samples, 122 batches
K=20 masks, ratio=0.5, seq_len=256
Epoch 1/30 - Loss: 408.13 (RMD: 3.7439, RTD: 0.6748) | Masked: 29.14%
Epoch 7/30 - Loss: 350.45 (RMD: 3.1577, RTD: 0.6936) | Masked: 28.92%
Epoch 13/30 - Loss: 340.97 (RMD: 3.0631, RTD: 0.6933) | Masked: 29.03%
Epoch 19/30 - Loss: 341.01 (RMD: 3.0634, RTD: 0.6934) | Masked: 28.96%
Epoch 25/30 - Loss: 339.86 (RMD: 3.0520, RTD: 0.6933) | Masked: 29.03%
\DATE finishing... after 3.827 mn
DATE --> AUC: 0.5499 | FPR@95: 0.9955 | AP: 0.1116

+++++++++++++++++++++ run : 6 / 10 +++++++++++++++++

torch.Size([992, 256, 768])
Training sur 15553 samples, 122 batches
K=20 masks, ratio=0.5, seq_len=256
Epoch 1/30 - Loss: 387.36 (RMD: 3.6999, RTD: 0.3474) | Masked: 29.06%
Epoch 7/30 - Loss: 323.84 (RMD: 3.1525, RTD: 0.1718) | Masked: 29.12%
Epoch 13/30 - Loss: 313.66 (RMD: 3.0556, RTD: 0.1620) | Masked: 29.02%
Epoch 19/30 - Loss: 324.55 (RMD: 3.1225, RTD: 0.2460) | Masked: 29.06%
Epoch 25/30 - Loss: 339.53 (RMD: 3.0507, RTD: 0.6893) | Masked: 29.07%
\DATE finishing... after 3.847 mn
DATE --> AUC: 0.5339 | FPR@95: 0.9406 | AP: 0.1088

+++++++++++++++++++++ run : 7 / 10 +++++++++++++++++

torch.Size([992, 256, 768])
Training sur 15553 samples, 122 batches
K=20 masks, ratio=0.5, seq_len=256
Epoch 1/30 - Loss: 390.95 (RMD: 3.7590, RTD: 0.3011) | Masked: 28.76%
Epoch 7/30 - Loss: 315.94 (RMD: 3.0738, RTD: 0.1713) | Masked: 28.78%
Epoch 13/30 - Loss: 338.98 (RMD: 3.1084, RTD: 0.5628) | Masked: 28.70%
Epoch 19/30 - Loss: 340.97 (RMD: 3.0630, RTD: 0.6933) | Masked: 28.74%
Epoch 25/30 - Loss: 341.64 (RMD: 3.0697, RTD: 0.6933) | Masked: 28.69%
\DATE finishing... after 3.847 mn
DATE --> AUC: 0.5429 | FPR@95: 0.9776 | AP: 0.1214

+++++++++++++++++++++ run : 8 / 10 +++++++++++++++++

torch.Size([992, 256, 768])
Training sur 15553 samples, 122 batches
K=20 masks, ratio=0.5, seq_len=256
Epoch 1/30 - Loss: 402.31 (RMD: 3.8625, RTD: 0.3212) | Masked: 28.88%
Epoch 7/30 - Loss: 318.88 (RMD: 3.1056, RTD: 0.1663) | Masked: 29.06%
Epoch 13/30 - Loss: 318.92 (RMD: 3.1108, RTD: 0.1568) | Masked: 28.89%
Epoch 19/30 - Loss: 341.73 (RMD: 3.0703, RTD: 0.6939) | Masked: 28.74%
Epoch 25/30 - Loss: 340.97 (RMD: 3.0628, RTD: 0.6937) | Masked: 28.88%
\DATE finishing... after 3.834 mn
DATE --> AUC: 0.3885 | FPR@95: 0.9922 | AP: 0.0790

+++++++++++++++++++++ run : 9 / 10 +++++++++++++++++

torch.Size([992, 256, 768])
Training sur 15553 samples, 122 batches
K=20 masks, ratio=0.5, seq_len=256
Epoch 1/30 - Loss: 414.50 (RMD: 3.8094, RTD: 0.6712) | Masked: 28.78%
Epoch 7/30 - Loss: 345.57 (RMD: 3.1090, RTD: 0.6934) | Masked: 28.75%
Epoch 13/30 - Loss: 345.88 (RMD: 3.1122, RTD: 0.6932) | Masked: 28.79%
Epoch 19/30 - Loss: 344.61 (RMD: 3.0995, RTD: 0.6932) | Masked: 28.76%
Epoch 25/30 - Loss: 336.45 (RMD: 3.0179, RTD: 0.6932) | Masked: 28.75%
\DATE finishing... after 3.851 mn
DATE --> AUC: 0.5484 | FPR@95: 0.9530 | AP: 0.1093

+++++++++++++++++++++ run : 10 / 10 +++++++++++++++++

torch.Size([992, 256, 768])
Training sur 15553 samples, 122 batches
K=20 masks, ratio=0.5, seq_len=256
Epoch 1/30 - Loss: 402.93 (RMD: 3.8661, RTD: 0.3264) | Masked: 28.68%
Epoch 7/30 - Loss: 354.00 (RMD: 3.2159, RTD: 0.6483) | Masked: 28.53%
Epoch 13/30 - Loss: 337.34 (RMD: 3.0654, RTD: 0.6160) | Masked: 28.54%
Epoch 19/30 - Loss: 339.93 (RMD: 3.0527, RTD: 0.6932) | Masked: 28.72%
Epoch 25/30 - Loss: 334.21 (RMD: 3.0050, RTD: 0.6741) | Masked: 28.61%
\DATE finishing... after 3.828 mn
DATE --> AUC: 0.8491 | FPR@95: 0.7010 | AP: 0.5114

Résultats existants non modifiés pour (enron, normal, bert, DATE, nu=0.0).
