/home/2017025/ayouce01/Textual-Anomaly-Detection-Framework/Anomaly Detection Framework/run_indep_anom.py:345: SyntaxWarning: invalid escape sequence '\C'
  print(f"\CVDD finishing... after {(tiic-taac)/60:.3f} mn")
/home/2017025/ayouce01/Textual-Anomaly-Detection-Framework/Anomaly Detection Framework/run_indep_anom.py:382: SyntaxWarning: invalid escape sequence '\D'
  print(f"\DATE finishing... after {(tiic-taac)/60:.3f} mn")
2026-01-09 11:48:53.949758: I tensorflow/core/platform/cpu_feature_guard.cc:210] This TensorFlow binary is optimized to use available CPU instructions in performance-critical operations.
To enable the following instructions: AVX2 FMA, in other operations, rebuild TensorFlow with the appropriate compiler flags.
------------------------ computer(1/6) -----------------------------
 Embedding : sentence_bert --> torch.Size([2576, 768])
{'batch_size': 64, 'latent_dim': 256, 'sinu': False, 'batchnorm': False, 'dropout': 0.1, 'lr': 0.0001, 'weight_decay': 1e-06, 'n_epochs': 50, 'source': 'sphere', 'target': 'torch.Size([2576, 384])'}
+++++++++++++++++++++ run : 1 +++++++++++++++++

Epoch 1/50 - Loss: 368.8353
Epoch 17/50 - Loss: 358.5355
Epoch 33/50 - Loss: 355.7143
Epoch 49/50 - Loss: 360.7215
\DATE finishing... after 9.996 mn
DATE --> AUC: 0.8138 | FPR@95: 0.3095 | AP: 0.6393

+++++++++++++++++++++ run : 2 +++++++++++++++++

Epoch 1/50 - Loss: 377.4449
Epoch 17/50 - Loss: 356.3557
Epoch 33/50 - Loss: 356.4701
Epoch 49/50 - Loss: 360.8061
\DATE finishing... after 9.948 mn
DATE --> AUC: 0.8422 | FPR@95: 0.3244 | AP: 0.4648

+++++++++++++++++++++ run : 3 +++++++++++++++++

Epoch 1/50 - Loss: 377.0633
Epoch 17/50 - Loss: 354.5477
Epoch 33/50 - Loss: 351.7738
Epoch 49/50 - Loss: 358.1300
\DATE finishing... after 9.970 mn
DATE --> AUC: 0.8498 | FPR@95: 0.3565 | AP: 0.5323

+++++++++++++++++++++ run : 4 +++++++++++++++++

Epoch 1/50 - Loss: 375.5274
Epoch 17/50 - Loss: 361.5728
Epoch 33/50 - Loss: 351.8476
Epoch 49/50 - Loss: 352.4462
\DATE finishing... after 9.964 mn
DATE --> AUC: 0.8517 | FPR@95: 0.3298 | AP: 0.4572

+++++++++++++++++++++ run : 5 +++++++++++++++++

Epoch 1/50 - Loss: 375.3831
Epoch 17/50 - Loss: 365.5762
Epoch 33/50 - Loss: 351.3639
Epoch 49/50 - Loss: 360.6740
\DATE finishing... after 9.980 mn
DATE --> AUC: 0.8126 | FPR@95: 0.3015 | AP: 0.6882

+++++++++++++++++++++ run : 6 +++++++++++++++++

Epoch 1/50 - Loss: 384.5728
Epoch 17/50 - Loss: 359.7294
Epoch 33/50 - Loss: 360.5168
Epoch 49/50 - Loss: 356.7441
\DATE finishing... after 9.955 mn
DATE --> AUC: 0.8284 | FPR@95: 0.3028 | AP: 0.4904

+++++++++++++++++++++ run : 7 +++++++++++++++++

Epoch 1/50 - Loss: 375.9857
Epoch 17/50 - Loss: 361.5904
Epoch 33/50 - Loss: 358.0440
Epoch 49/50 - Loss: 361.3777
\DATE finishing... after 9.946 mn
DATE --> AUC: 0.8342 | FPR@95: 0.3245 | AP: 0.5689

+++++++++++++++++++++ run : 8 +++++++++++++++++

Epoch 1/50 - Loss: 386.8837
Epoch 17/50 - Loss: 363.8659
Epoch 33/50 - Loss: 356.1449
Epoch 49/50 - Loss: 357.2750
\DATE finishing... after 9.989 mn
DATE --> AUC: 0.8498 | FPR@95: 0.3604 | AP: 0.4927

+++++++++++++++++++++ run : 9 +++++++++++++++++

Epoch 1/50 - Loss: 377.9567
Epoch 17/50 - Loss: 355.4742
Epoch 33/50 - Loss: 360.7417
Epoch 49/50 - Loss: 354.3136
\DATE finishing... after 9.988 mn
DATE --> AUC: 0.8230 | FPR@95: 0.3272 | AP: 0.6201

+++++++++++++++++++++ run : 10 +++++++++++++++++

Epoch 1/50 - Loss: 384.7968
Epoch 17/50 - Loss: 356.3942
Epoch 33/50 - Loss: 359.1313
Epoch 49/50 - Loss: 356.1915
\DATE finishing... after 9.978 mn
DATE --> AUC: 0.8547 | FPR@95: 0.3797 | AP: 0.5294

Résultats mis à jour pour (20newsgroups, computer, sentence_bert, DATE).
------------------------ recreation(2/6) -----------------------------
 Embedding : sentence_bert --> torch.Size([2074, 768])
{'batch_size': 32, 'latent_dim': 256, 'sinu': False, 'batchnorm': False, 'dropout': 0.1, 'lr': 0.0001, 'weight_decay': 1e-06, 'n_epochs': 25, 'source': 'sphere', 'target': 'torch.Size([2074, 384])'}
+++++++++++++++++++++ run : 1 +++++++++++++++++

Epoch 1/50 - Loss: 372.0260
Epoch 17/50 - Loss: 357.3034
Epoch 33/50 - Loss: 361.3757
Epoch 49/50 - Loss: 351.7782
\DATE finishing... after 8.029 mn
DATE --> AUC: 0.7690 | FPR@95: 0.2383 | AP: 0.6609

+++++++++++++++++++++ run : 2 +++++++++++++++++

Epoch 1/50 - Loss: 389.0314
Epoch 17/50 - Loss: 365.2322
Epoch 33/50 - Loss: 354.0830
Epoch 49/50 - Loss: 351.1609
\DATE finishing... after 8.006 mn
DATE --> AUC: 0.7082 | FPR@95: 0.1798 | AP: 0.8453

+++++++++++++++++++++ run : 3 +++++++++++++++++

Epoch 1/50 - Loss: 386.8089
Epoch 17/50 - Loss: 364.8132
Epoch 33/50 - Loss: 361.0647
Epoch 49/50 - Loss: 354.7930
\DATE finishing... after 8.027 mn
DATE --> AUC: 0.7436 | FPR@95: 0.1997 | AP: 0.7349

+++++++++++++++++++++ run : 4 +++++++++++++++++

Epoch 1/50 - Loss: 397.5699
Epoch 17/50 - Loss: 366.7914
Epoch 33/50 - Loss: 353.8375
Epoch 49/50 - Loss: 363.3779
\DATE finishing... after 8.012 mn
DATE --> AUC: 0.7439 | FPR@95: 0.2172 | AP: 0.7422

+++++++++++++++++++++ run : 5 +++++++++++++++++

Epoch 1/50 - Loss: 374.1858
Epoch 17/50 - Loss: 358.5869
Epoch 33/50 - Loss: 358.5592
Epoch 49/50 - Loss: 354.1531
\DATE finishing... after 8.018 mn
DATE --> AUC: 0.7012 | FPR@95: 0.1796 | AP: 0.8010

+++++++++++++++++++++ run : 6 +++++++++++++++++

Epoch 1/50 - Loss: 383.7073
Epoch 17/50 - Loss: 358.7836
Epoch 33/50 - Loss: 361.3604
Epoch 49/50 - Loss: 357.3887
\DATE finishing... after 8.037 mn
DATE --> AUC: 0.7218 | FPR@95: 0.1931 | AP: 0.7553

+++++++++++++++++++++ run : 7 +++++++++++++++++

Epoch 1/50 - Loss: 367.8737
Epoch 17/50 - Loss: 362.3055
Epoch 33/50 - Loss: 356.4381
Epoch 49/50 - Loss: 357.6290
\DATE finishing... after 8.038 mn
DATE --> AUC: 0.7178 | FPR@95: 0.1885 | AP: 0.7807

+++++++++++++++++++++ run : 8 +++++++++++++++++

Epoch 1/50 - Loss: 360.1579
Epoch 17/50 - Loss: 373.0559
Epoch 33/50 - Loss: 359.3249
Epoch 49/50 - Loss: 352.2799
\DATE finishing... after 8.032 mn
DATE --> AUC: 0.7185 | FPR@95: 0.1914 | AP: 0.7226

+++++++++++++++++++++ run : 9 +++++++++++++++++

Epoch 1/50 - Loss: 385.2768
Epoch 17/50 - Loss: 364.7687
Epoch 33/50 - Loss: 358.0426
Epoch 49/50 - Loss: 353.4065
\DATE finishing... after 8.017 mn
DATE --> AUC: 0.7047 | FPR@95: 0.1867 | AP: 0.7879

+++++++++++++++++++++ run : 10 +++++++++++++++++

Epoch 1/50 - Loss: 373.9805
Epoch 17/50 - Loss: 359.9972
Epoch 33/50 - Loss: 360.9828
Epoch 49/50 - Loss: 352.0931
\DATE finishing... after 8.038 mn
DATE --> AUC: 0.7263 | FPR@95: 0.1908 | AP: 0.7429

Résultats mis à jour pour (20newsgroups, recreation, sentence_bert, DATE).
------------------------ science(3/6) -----------------------------
 Embedding : sentence_bert --> torch.Size([2080, 768])
{'batch_size': 64, 'latent_dim': 256, 'sinu': False, 'batchnorm': False, 'dropout': 0.1, 'lr': 0.0001, 'weight_decay': 1e-06, 'n_epochs': 100, 'source': 'sphere', 'target': 'torch.Size([2080, 384])'}
+++++++++++++++++++++ run : 1 +++++++++++++++++

Epoch 1/50 - Loss: 387.1029
Epoch 17/50 - Loss: 359.8615
Epoch 33/50 - Loss: 361.2752
Epoch 49/50 - Loss: 349.5167
\DATE finishing... after 8.037 mn
DATE --> AUC: 0.5594 | FPR@95: 0.1271 | AP: 0.9416

+++++++++++++++++++++ run : 2 +++++++++++++++++

Epoch 1/50 - Loss: 384.2963
Epoch 17/50 - Loss: 374.5687
Epoch 33/50 - Loss: 350.2895
Epoch 49/50 - Loss: 352.8548
\DATE finishing... after 8.048 mn
DATE --> AUC: 0.5834 | FPR@95: 0.1359 | AP: 0.9584

+++++++++++++++++++++ run : 3 +++++++++++++++++

Epoch 1/50 - Loss: 371.6077
Epoch 17/50 - Loss: 363.2307
Epoch 33/50 - Loss: 356.2814
Epoch 49/50 - Loss: 355.2787
\DATE finishing... after 8.054 mn
DATE --> AUC: 0.6255 | FPR@95: 0.1513 | AP: 0.9401

+++++++++++++++++++++ run : 4 +++++++++++++++++

Epoch 1/50 - Loss: 373.3197
Epoch 17/50 - Loss: 367.3824
Epoch 33/50 - Loss: 356.1324
Epoch 49/50 - Loss: 355.1347
\DATE finishing... after 8.060 mn
DATE --> AUC: 0.6060 | FPR@95: 0.1484 | AP: 0.9649

+++++++++++++++++++++ run : 5 +++++++++++++++++

Epoch 1/50 - Loss: 373.9244
Epoch 17/50 - Loss: 360.3164
Epoch 33/50 - Loss: 366.5307
Epoch 49/50 - Loss: 357.1268
\DATE finishing... after 8.077 mn
DATE --> AUC: 0.6012 | FPR@95: 0.1357 | AP: 0.9145

+++++++++++++++++++++ run : 6 +++++++++++++++++

Epoch 1/50 - Loss: 396.5799
Epoch 17/50 - Loss: 364.3392
Epoch 33/50 - Loss: 356.9046
Epoch 49/50 - Loss: 352.7449
\DATE finishing... after 8.053 mn
DATE --> AUC: 0.6091 | FPR@95: 0.1424 | AP: 0.9386

+++++++++++++++++++++ run : 7 +++++++++++++++++

Epoch 1/50 - Loss: 370.9635
Epoch 17/50 - Loss: 369.4568
Epoch 33/50 - Loss: 354.5809
Epoch 49/50 - Loss: 347.8034
\DATE finishing... after 8.084 mn
DATE --> AUC: 0.6027 | FPR@95: 0.1584 | AP: 0.9591

+++++++++++++++++++++ run : 8 +++++++++++++++++

Epoch 1/50 - Loss: 393.7990
Epoch 17/50 - Loss: 355.4195
Epoch 33/50 - Loss: 355.3848
Epoch 49/50 - Loss: 358.7380
\DATE finishing... after 8.059 mn
DATE --> AUC: 0.5918 | FPR@95: 0.1358 | AP: 0.8488

+++++++++++++++++++++ run : 9 +++++++++++++++++

Epoch 1/50 - Loss: 383.1269
Epoch 17/50 - Loss: 362.4344
Epoch 33/50 - Loss: 363.1728
Epoch 49/50 - Loss: 359.9031
\DATE finishing... after 8.039 mn
DATE --> AUC: 0.6067 | FPR@95: 0.1470 | AP: 0.8758

+++++++++++++++++++++ run : 10 +++++++++++++++++

Epoch 1/50 - Loss: 368.9167
Epoch 17/50 - Loss: 358.6654
Epoch 33/50 - Loss: 348.9441
Epoch 49/50 - Loss: 364.7665
\DATE finishing... after 8.056 mn
DATE --> AUC: 0.6433 | FPR@95: 0.1669 | AP: 0.8919

Résultats mis à jour pour (20newsgroups, science, sentence_bert, DATE).
------------------------ miscellaneous(4/6) -----------------------------
 Embedding : sentence_bert --> torch.Size([520, 768])
{'batch_size': 32, 'latent_dim': 256, 'sinu': False, 'batchnorm': False, 'dropout': 0.1, 'lr': 0.0001, 'weight_decay': 1e-06, 'n_epochs': 25, 'source': 'sphere', 'target': 'torch.Size([520, 384])'}
+++++++++++++++++++++ run : 1 +++++++++++++++++

Epoch 1/50 - Loss: 414.5921
Epoch 17/50 - Loss: 366.9712
Epoch 33/50 - Loss: 364.5725
Epoch 49/50 - Loss: 363.4461
\DATE finishing... after 2.022 mn
DATE --> AUC: 0.6073 | FPR@95: 0.1369 | AP: 0.8750

+++++++++++++++++++++ run : 2 +++++++++++++++++

Epoch 1/50 - Loss: 371.7451
Epoch 17/50 - Loss: 368.1051
Epoch 33/50 - Loss: 359.2487
Epoch 49/50 - Loss: 362.3074
\DATE finishing... after 2.025 mn
DATE --> AUC: 0.5280 | FPR@95: 0.1037 | AP: 0.8808

+++++++++++++++++++++ run : 3 +++++++++++++++++

Epoch 1/50 - Loss: 346.9601
Epoch 17/50 - Loss: 378.1339
Epoch 33/50 - Loss: 366.4855
Epoch 49/50 - Loss: 370.9190
\DATE finishing... after 2.022 mn
DATE --> AUC: 0.6380 | FPR@95: 0.1559 | AP: 0.9419

+++++++++++++++++++++ run : 4 +++++++++++++++++

Epoch 1/50 - Loss: 389.5062
Epoch 17/50 - Loss: 381.7923
Epoch 33/50 - Loss: 358.0353
Epoch 49/50 - Loss: 356.6132
\DATE finishing... after 2.010 mn
DATE --> AUC: 0.7124 | FPR@95: 0.1993 | AP: 0.7645

+++++++++++++++++++++ run : 5 +++++++++++++++++

Epoch 1/50 - Loss: 365.9727
Epoch 17/50 - Loss: 391.2327
Epoch 33/50 - Loss: 352.8795
Epoch 49/50 - Loss: 349.0624
\DATE finishing... after 2.023 mn
DATE --> AUC: 0.5018 | FPR@95: 0.1000 | AP: 0.8721

+++++++++++++++++++++ run : 6 +++++++++++++++++

Epoch 1/50 - Loss: 416.8477
Epoch 17/50 - Loss: 407.4178
Epoch 33/50 - Loss: 368.2571
Epoch 49/50 - Loss: 349.1368
\DATE finishing... after 2.020 mn
DATE --> AUC: 0.4986 | FPR@95: 0.1004 | AP: 0.9651

+++++++++++++++++++++ run : 7 +++++++++++++++++

Epoch 1/50 - Loss: 382.9894
Epoch 17/50 - Loss: 377.9988
Epoch 33/50 - Loss: 377.9326
Epoch 49/50 - Loss: 370.6841
\DATE finishing... after 2.031 mn
DATE --> AUC: 0.5037 | FPR@95: 0.1095 | AP: 0.9622

+++++++++++++++++++++ run : 8 +++++++++++++++++

Epoch 1/50 - Loss: 414.3894
Epoch 17/50 - Loss: 368.5272
Epoch 33/50 - Loss: 361.8455
Epoch 49/50 - Loss: 361.8268
\DATE finishing... after 2.024 mn
DATE --> AUC: 0.5780 | FPR@95: 0.1205 | AP: 0.8808

+++++++++++++++++++++ run : 9 +++++++++++++++++

Epoch 1/50 - Loss: 371.4996
Epoch 17/50 - Loss: 362.3695
Epoch 33/50 - Loss: 345.8204
Epoch 49/50 - Loss: 357.1337
\DATE finishing... after 2.026 mn
DATE --> AUC: 0.6154 | FPR@95: 0.1774 | AP: 0.9302

+++++++++++++++++++++ run : 10 +++++++++++++++++

Epoch 1/50 - Loss: 407.8467
Epoch 17/50 - Loss: 339.7769
Epoch 33/50 - Loss: 367.4479
Epoch 49/50 - Loss: 373.7029
\DATE finishing... after 2.015 mn
DATE --> AUC: 0.5660 | FPR@95: 0.1120 | AP: 0.8692

Résultats mis à jour pour (20newsgroups, miscellaneous, sentence_bert, DATE).
------------------------ politics(5/6) -----------------------------
 Embedding : sentence_bert --> torch.Size([1378, 768])
{'batch_size': 32, 'latent_dim': 256, 'sinu': False, 'batchnorm': False, 'dropout': 0.1, 'lr': 0.0001, 'weight_decay': 1e-06, 'n_epochs': 25, 'source': 'sphere', 'target': 'torch.Size([1378, 384])'}
+++++++++++++++++++++ run : 1 +++++++++++++++++

Epoch 1/50 - Loss: 396.2577
Epoch 17/50 - Loss: 357.7722
Epoch 33/50 - Loss: 349.2716
Epoch 49/50 - Loss: 359.8088
\DATE finishing... after 5.353 mn
DATE --> AUC: 0.7176 | FPR@95: 0.2310 | AP: 0.8701

+++++++++++++++++++++ run : 2 +++++++++++++++++

Epoch 1/50 - Loss: 391.1464
Epoch 17/50 - Loss: 368.0949
Epoch 33/50 - Loss: 362.4825
Epoch 49/50 - Loss: 344.3361
\DATE finishing... after 5.337 mn
DATE --> AUC: 0.7412 | FPR@95: 0.2434 | AP: 0.8745

+++++++++++++++++++++ run : 3 +++++++++++++++++

Epoch 1/50 - Loss: 381.7937
Epoch 17/50 - Loss: 369.8963
Epoch 33/50 - Loss: 369.4216
Epoch 49/50 - Loss: 371.6616
\DATE finishing... after 5.347 mn
DATE --> AUC: 0.7593 | FPR@95: 0.2522 | AP: 0.6656

+++++++++++++++++++++ run : 4 +++++++++++++++++

Epoch 1/50 - Loss: 380.9392
Epoch 17/50 - Loss: 370.4390
Epoch 33/50 - Loss: 362.7585
Epoch 49/50 - Loss: 363.1551
\DATE finishing... after 5.363 mn
DATE --> AUC: 0.7455 | FPR@95: 0.2546 | AP: 0.7554

+++++++++++++++++++++ run : 5 +++++++++++++++++

Epoch 1/50 - Loss: 381.1479
Epoch 17/50 - Loss: 363.0347
Epoch 33/50 - Loss: 360.1060
Epoch 49/50 - Loss: 352.9583
\DATE finishing... after 5.345 mn
DATE --> AUC: 0.7332 | FPR@95: 0.2227 | AP: 0.8041

+++++++++++++++++++++ run : 6 +++++++++++++++++

Epoch 1/50 - Loss: 402.3146
Epoch 17/50 - Loss: 373.5398
Epoch 33/50 - Loss: 353.2595
Epoch 49/50 - Loss: 362.1156
\DATE finishing... after 5.353 mn
DATE --> AUC: 0.7124 | FPR@95: 0.2181 | AP: 0.8247

+++++++++++++++++++++ run : 7 +++++++++++++++++

Epoch 1/50 - Loss: 368.2390
Epoch 17/50 - Loss: 356.2601
Epoch 33/50 - Loss: 348.4756
Epoch 49/50 - Loss: 357.8380
\DATE finishing... after 5.339 mn
DATE --> AUC: 0.7128 | FPR@95: 0.2207 | AP: 0.8312

+++++++++++++++++++++ run : 8 +++++++++++++++++

Epoch 1/50 - Loss: 374.5060
Epoch 17/50 - Loss: 361.0259
Epoch 33/50 - Loss: 354.0122
Epoch 49/50 - Loss: 350.1106
\DATE finishing... after 5.359 mn
DATE --> AUC: 0.7702 | FPR@95: 0.3307 | AP: 0.7825

+++++++++++++++++++++ run : 9 +++++++++++++++++

Epoch 1/50 - Loss: 388.5493
Epoch 17/50 - Loss: 371.5619
Epoch 33/50 - Loss: 363.8580
Epoch 49/50 - Loss: 357.8066
\DATE finishing... after 5.357 mn
DATE --> AUC: 0.6893 | FPR@95: 0.2745 | AP: 0.9177

+++++++++++++++++++++ run : 10 +++++++++++++++++

Epoch 1/50 - Loss: 387.1421
Epoch 17/50 - Loss: 364.5952
Epoch 33/50 - Loss: 365.0788
Epoch 49/50 - Loss: 357.5466
\DATE finishing... after 5.328 mn
DATE --> AUC: 0.7320 | FPR@95: 0.3040 | AP: 0.8268

Résultats mis à jour pour (20newsgroups, politics, sentence_bert, DATE).
------------------------ religion(6/6) -----------------------------
 Embedding : sentence_bert --> torch.Size([1278, 768])
{'batch_size': 32, 'latent_dim': 256, 'sinu': False, 'batchnorm': False, 'dropout': 0.1, 'lr': 0.0001, 'weight_decay': 1e-06, 'n_epochs': 25, 'source': 'sphere', 'target': 'torch.Size([1278, 384])'}
+++++++++++++++++++++ run : 1 +++++++++++++++++

Epoch 1/50 - Loss: 365.8650
Epoch 17/50 - Loss: 363.0034
Epoch 33/50 - Loss: 357.3056
Epoch 49/50 - Loss: 355.0957
\DATE finishing... after 4.953 mn
DATE --> AUC: 0.8025 | FPR@95: 0.3256 | AP: 0.7069

+++++++++++++++++++++ run : 2 +++++++++++++++++

Epoch 1/50 - Loss: 384.8368
Epoch 17/50 - Loss: 354.3780
Epoch 33/50 - Loss: 368.5253
Epoch 49/50 - Loss: 360.9356
\DATE finishing... after 4.939 mn
DATE --> AUC: 0.7803 | FPR@95: 0.2431 | AP: 0.5757

+++++++++++++++++++++ run : 3 +++++++++++++++++

Epoch 1/50 - Loss: 398.2330
Epoch 17/50 - Loss: 350.8308
Epoch 33/50 - Loss: 361.5757
Epoch 49/50 - Loss: 361.1775
\DATE finishing... after 4.950 mn
DATE --> AUC: 0.8095 | FPR@95: 0.3333 | AP: 0.6194

+++++++++++++++++++++ run : 4 +++++++++++++++++

Epoch 1/50 - Loss: 367.9797
Epoch 17/50 - Loss: 365.5020
Epoch 33/50 - Loss: 359.3066
Epoch 49/50 - Loss: 367.0908
\DATE finishing... after 4.930 mn
DATE --> AUC: 0.8019 | FPR@95: 0.3168 | AP: 0.6513

+++++++++++++++++++++ run : 5 +++++++++++++++++

Epoch 1/50 - Loss: 385.4346
Epoch 17/50 - Loss: 363.6797
Epoch 33/50 - Loss: 351.9573
Epoch 49/50 - Loss: 355.9154
\DATE finishing... after 4.944 mn
DATE --> AUC: 0.8115 | FPR@95: 0.3368 | AP: 0.7553

+++++++++++++++++++++ run : 6 +++++++++++++++++

Epoch 1/50 - Loss: 383.4679
Epoch 17/50 - Loss: 364.0354
Epoch 33/50 - Loss: 367.0700
Epoch 49/50 - Loss: 348.7914
\DATE finishing... after 4.960 mn
DATE --> AUC: 0.8083 | FPR@95: 0.3080 | AP: 0.6596

+++++++++++++++++++++ run : 7 +++++++++++++++++

Epoch 1/50 - Loss: 375.3074
Epoch 17/50 - Loss: 353.0075
Epoch 33/50 - Loss: 363.2352
Epoch 49/50 - Loss: 355.9318
\DATE finishing... after 4.959 mn
DATE --> AUC: 0.8184 | FPR@95: 0.3854 | AP: 0.6312

+++++++++++++++++++++ run : 8 +++++++++++++++++

Epoch 1/50 - Loss: 386.2587
Epoch 17/50 - Loss: 370.6434
Epoch 33/50 - Loss: 360.3595
Epoch 49/50 - Loss: 351.2133
\DATE finishing... after 4.923 mn
DATE --> AUC: 0.7351 | FPR@95: 0.3078 | AP: 0.8026

+++++++++++++++++++++ run : 9 +++++++++++++++++

Epoch 1/50 - Loss: 376.3361
Epoch 17/50 - Loss: 365.1771
Epoch 33/50 - Loss: 358.5509
Epoch 49/50 - Loss: 349.6608
\DATE finishing... after 4.955 mn
DATE --> AUC: 0.8107 | FPR@95: 0.3385 | AP: 0.6407

+++++++++++++++++++++ run : 10 +++++++++++++++++

Epoch 1/50 - Loss: 374.0141
Epoch 17/50 - Loss: 374.5854
Epoch 33/50 - Loss: 370.3607
Epoch 49/50 - Loss: 365.0091
\DATE finishing... after 4.973 mn
DATE --> AUC: 0.7314 | FPR@95: 0.2044 | AP: 0.7447

Résultats mis à jour pour (20newsgroups, religion, sentence_bert, DATE).
run.sh: line 8: on3: command not found
srun: error: c23gpu3: task 0: Exited with exit code 127
srun: Terminating StepId=1590151.0
