Job ID: 1956489

<<<<<<<<<<<<<< dbpedia14 >>>>>>>>>>>>>>>>>>>

------------------------ Building(1/1) -----------------------------
torch.Size([25000, 256, 768])
+++++++++++++++++++++ run : 1 / 3 +++++++++++++++++

torch.Size([5000, 256, 768])
Epoch 50/100 - Loss: 0.0084
Epoch 100/100 - Loss: 0.0066

RSRAE finishing... after 7.026 mn
RSRAE --> AUC: 0.9287 | FPR@95: 0.2576 | AP: 0.5208

Training sur 36000 samples, 71 batches
K=50 masks, ratio=0.5, seq_len=256
Epoch 1/50 - Loss: 543.53 (RMD: 5.2336, RTD: 0.4034) | Masked: 12.89%
Epoch 11/50 - Loss: 422.45 (RMD: 4.1389, RTD: 0.1712) | Masked: 13.16%
Epoch 21/50 - Loss: 406.87 (RMD: 3.9929, RTD: 0.1516) | Masked: 13.19%
Epoch 31/50 - Loss: 443.89 (RMD: 4.0915, RTD: 0.6948) | Masked: 13.02%
Epoch 41/50 - Loss: 433.20 (RMD: 3.9855, RTD: 0.6929) | Masked: 12.87%
\DATE finishing... after 12.794 mn
DATE --> AUC: 0.4930 | FPR@95: 1.0000 | AP: 0.0987

+++++++++++++++++++++ run : 2 / 3 +++++++++++++++++

torch.Size([5000, 256, 768])
Epoch 50/100 - Loss: 0.0084
Epoch 100/100 - Loss: 0.0066

RSRAE finishing... after 6.935 mn
RSRAE --> AUC: 0.9311 | FPR@95: 0.3004 | AP: 0.5596

Training sur 36000 samples, 71 batches
K=50 masks, ratio=0.5, seq_len=256
Epoch 1/50 - Loss: 543.53 (RMD: 5.2336, RTD: 0.4034) | Masked: 12.89%
Epoch 11/50 - Loss: 422.45 (RMD: 4.1389, RTD: 0.1712) | Masked: 13.16%
Epoch 21/50 - Loss: 406.87 (RMD: 3.9929, RTD: 0.1516) | Masked: 13.19%
Epoch 31/50 - Loss: 443.89 (RMD: 4.0915, RTD: 0.6948) | Masked: 13.02%
Epoch 41/50 - Loss: 433.20 (RMD: 3.9855, RTD: 0.6929) | Masked: 12.87%
\DATE finishing... after 13.035 mn
DATE --> AUC: 0.4997 | FPR@95: 1.0000 | AP: 0.0999

+++++++++++++++++++++ run : 3 / 3 +++++++++++++++++

torch.Size([5000, 256, 768])
Epoch 50/100 - Loss: 0.0084
Epoch 100/100 - Loss: 0.0066

RSRAE finishing... after 6.992 mn
RSRAE --> AUC: 0.9308 | FPR@95: 0.2327 | AP: 0.5259

Training sur 36000 samples, 71 batches
K=50 masks, ratio=0.5, seq_len=256
Epoch 1/50 - Loss: 543.53 (RMD: 5.2336, RTD: 0.4034) | Masked: 12.89%
Epoch 11/50 - Loss: 422.45 (RMD: 4.1389, RTD: 0.1712) | Masked: 13.16%
Epoch 21/50 - Loss: 406.87 (RMD: 3.9929, RTD: 0.1516) | Masked: 13.19%
Epoch 31/50 - Loss: 443.89 (RMD: 4.0915, RTD: 0.6948) | Masked: 13.02%
Epoch 41/50 - Loss: 433.20 (RMD: 3.9855, RTD: 0.6929) | Masked: 12.87%
\DATE finishing... after 12.875 mn
DATE --> AUC: 0.4999 | FPR@95: 1.0000 | AP: 0.1001

Résultats mis à jour pour (dbpedia14, Building, bert, RSRAE, nu=0.0).
Résultats existants non modifiés pour (dbpedia14, Building, bert, DATE, nu=0.0).
