Job ID: 1969679

<<<<<<<<<<<<<< sst2 >>>>>>>>>>>>>>>>>>>

------------------------ positive(1/1) -----------------------------
st5_large_embedding
torch.Size([37563, 768])
+++++++++++++++++++++ run : 1 / 4 +++++++++++++++++

st5_large_embedding
torch.Size([444, 768])

Epoch 1/350
Train Loss: 0.0108, LR: 0.000007
tensor(0.9995, device='cuda:0', grad_fn=<ExpBackward0>)

Epoch 117/350
Train Loss: 0.0033, LR: 0.000775
tensor(0.2428, device='cuda:0', grad_fn=<ExpBackward0>)

Epoch 233/350
Train Loss: 0.0014, LR: 0.000639
tensor(0.1602, device='cuda:0', grad_fn=<ExpBackward0>)

Epoch 349/350
Train Loss: 0.0014, LR: 0.000000
tensor(0.1447, device='cuda:0', grad_fn=<ExpBackward0>)

FM Transformer finishing... after 16.941 mn
AUC:        0.7417
Avg Precision: 0.2736
FPR@95:     0.6850
FM --> AUC: 0.7417 | FPR@95: 0.6850 | AP: 0.2736

+++++++++++++++++++++ run : 2 / 4 +++++++++++++++++

st5_large_embedding
torch.Size([444, 768])

Epoch 1/350
Train Loss: 0.0108, LR: 0.000007
tensor(0.9995, device='cuda:0', grad_fn=<ExpBackward0>)

Epoch 117/350
Train Loss: 0.0015, LR: 0.000775
tensor(0.2348, device='cuda:0', grad_fn=<ExpBackward0>)

Epoch 233/350
Train Loss: 0.0014, LR: 0.000639
tensor(0.1611, device='cuda:0', grad_fn=<ExpBackward0>)

Epoch 349/350
Train Loss: 0.0014, LR: 0.000000
tensor(0.1453, device='cuda:0', grad_fn=<ExpBackward0>)

FM Transformer finishing... after 17.672 mn
AUC:        0.7520
Avg Precision: 0.2645
FPR@95:     0.6875
FM --> AUC: 0.7520 | FPR@95: 0.6875 | AP: 0.2645

+++++++++++++++++++++ run : 3 / 4 +++++++++++++++++

st5_large_embedding
torch.Size([444, 768])

Epoch 1/350
Train Loss: 0.0108, LR: 0.000007
tensor(0.9995, device='cuda:0', grad_fn=<ExpBackward0>)

Epoch 117/350
Train Loss: 0.0014, LR: 0.000775
tensor(0.2338, device='cuda:0', grad_fn=<ExpBackward0>)

Epoch 233/350
Train Loss: 0.0014, LR: 0.000639
tensor(0.1597, device='cuda:0', grad_fn=<ExpBackward0>)

Epoch 349/350
Train Loss: 0.0014, LR: 0.000000
tensor(0.1450, device='cuda:0', grad_fn=<ExpBackward0>)

FM Transformer finishing... after 17.991 mn
AUC:        0.6954
Avg Precision: 0.2363
FPR@95:     0.7375
FM --> AUC: 0.6954 | FPR@95: 0.7375 | AP: 0.2363

+++++++++++++++++++++ run : 4 / 4 +++++++++++++++++

st5_large_embedding
torch.Size([444, 768])

Epoch 1/350
Train Loss: 0.0108, LR: 0.000007
tensor(0.9995, device='cuda:0', grad_fn=<ExpBackward0>)

Epoch 117/350
Train Loss: 0.0015, LR: 0.000775
tensor(0.2369, device='cuda:0', grad_fn=<ExpBackward0>)

Epoch 233/350
Train Loss: 0.0014, LR: 0.000639
tensor(0.1598, device='cuda:0', grad_fn=<ExpBackward0>)

Epoch 349/350
Train Loss: 0.0014, LR: 0.000000
tensor(0.1450, device='cuda:0', grad_fn=<ExpBackward0>)

FM Transformer finishing... after 17.645 mn
AUC:        0.6406
Avg Precision: 0.1828
FPR@95:     0.7200
FM --> AUC: 0.6406 | FPR@95: 0.7200 | AP: 0.1828

positive 0.7074289772727272 0.7075 0.23930376243323853
Nouveaux résultats ajoutés pour (sst2, positive, st5, flow-matching-Transformers-Comp, nu=0.0).
Hyperparameters appended to /home/2017025/ayouce01/Textual-Anomaly-Detection-Framework/Anomaly Detection Framework/Results/hyperparameters/fmt_toksen/hyper.txt
