Unloading the cpe module is insufficient to restore the system defaults.
Please run 'source
/opt/cray/pe/cpe/24.07/restore_lmod_system_defaults.[csh|sh]'. 
remove gcc/13.2 - cray-mpich/8.1.30 - milan - cpe 24.07
load python3 3.12 for pytorch environment (with numpy 1.26.4, scikit-learn 1.5.2, torch 2.5.1, optuna 4.1.0, timm 1.0.11, transformers 4.46.2)
load more details: pip list
/home/2017025/ayouce01/Textual-Anomaly-Detection-Framework/Anomaly Detection Framework/run_indep_anom.py:345: SyntaxWarning: invalid escape sequence '\C'
  print(f"\CVDD finishing... after {(tiic-taac)/60:.3f} mn")
/home/2017025/ayouce01/Textual-Anomaly-Detection-Framework/Anomaly Detection Framework/run_indep_anom.py:380: SyntaxWarning: invalid escape sequence '\D'
  print(f"\DATE finishing... after {(tiic-taac)/60:.3f} mn")
2026-01-08 18:18:25.273807: I tensorflow/core/platform/cpu_feature_guard.cc:210] This TensorFlow binary is optimized to use available CPU instructions in performance-critical operations.
To enable the following instructions: AVX2 FMA, in other operations, rebuild TensorFlow with the appropriate compiler flags.
BertForMaskedLM has generative capabilities, as `prepare_inputs_for_generation` is explicitly overwritten. However, it doesn't directly inherit from `GenerationMixin`. From 👉v4.50👈 onwards, `PreTrainedModel` will NOT inherit from `GenerationMixin`, and this model will lose the ability to call `generate` and other related functions.
  - If you're using `trust_remote_code=True`, you can get rid of this warning by loading the model with an auto class. See https://huggingface.co/docs/transformers/en/model_doc/auto#auto-classes
  - If you are the owner of the model architecture code, please modify your model class such that it inherits from `GenerationMixin` (after `PreTrainedModel`, otherwise you'll get an exception).
  - If you are not the owner of the model architecture class, please contact the model code owner to update it.
Traceback (most recent call last):
  File "/home/2017025/ayouce01/Textual-Anomaly-Detection-Framework/Anomaly Detection Framework/run_indep_anom.py", line 561, in <module>
    main(args)
  File "/home/2017025/ayouce01/Textual-Anomaly-Detection-Framework/Anomaly Detection Framework/run_indep_anom.py", line 378, in main
    date_model.train(data_train)
  File "/home/2017025/ayouce01/Textual-Anomaly-Detection-Framework/Anomaly Detection Framework/Modelisation/Baselines/DATE/date.py", line 216, in train
    if epoch % (self.n_epochs // 3 ) == 0 :
       ~~~~~~^~~~~~~~~~~~~~~~~~~~~~~
ZeroDivisionError: integer modulo by zero
