Job ID: 1969640

<<<<<<<<<<<<<< dbpedia14 >>>>>>>>>>>>>>>>>>>

------------------------ Building(1/8) -----------------------------
st5_large_embedding
torch.Size([36000, 768])
+++++++++++++++++++++ run : 1 / 4 +++++++++++++++++

st5_large_embedding
torch.Size([5000, 768])

OCSVM finishing... after 2.461 mn
OCSVM --> AUC: 0.9637 | FPR@95: 0.2060 | AP: 0.8103

Epoch 50/200 - Loss: 0.1562
Epoch 100/200 - Loss: 0.1538
Epoch 150/200 - Loss: 0.1542
Epoch 200/200 - Loss: 0.1419

RSRAE finishing... after 3.939 mn
RSRAE --> AUC: 0.9870 | FPR@95: 0.0662 | AP: 0.9187


AE finishing... after 0.175 mn
AE --> AUC: 0.9872 | FPR@95: 0.0667 | AP: 0.9077


TCCM finishing... after 0.239 mn
TCCM --> AUC: 0.9776 | FPR@95: 0.1322 | AP: 0.8857

+++++++++++++++++++++ run : 2 / 4 +++++++++++++++++

st5_large_embedding
torch.Size([5000, 768])

OCSVM finishing... after 2.443 mn
OCSVM --> AUC: 0.9549 | FPR@95: 0.2524 | AP: 0.7906

Epoch 50/200 - Loss: 0.1562
Epoch 100/200 - Loss: 0.1538
Epoch 150/200 - Loss: 0.1542
Epoch 200/200 - Loss: 0.1419

RSRAE finishing... after 3.911 mn
RSRAE --> AUC: 0.9838 | FPR@95: 0.1073 | AP: 0.9080


AE finishing... after 0.137 mn
AE --> AUC: 0.9833 | FPR@95: 0.0964 | AP: 0.8938


TCCM finishing... after 0.241 mn
TCCM --> AUC: 0.9719 | FPR@95: 0.1676 | AP: 0.8744

+++++++++++++++++++++ run : 3 / 4 +++++++++++++++++

st5_large_embedding
torch.Size([5000, 768])

OCSVM finishing... after 2.441 mn
OCSVM --> AUC: 0.9593 | FPR@95: 0.2249 | AP: 0.7993

Epoch 50/200 - Loss: 0.1562
Epoch 100/200 - Loss: 0.1538
Epoch 150/200 - Loss: 0.1542
Epoch 200/200 - Loss: 0.1419

RSRAE finishing... after 3.925 mn
RSRAE --> AUC: 0.9834 | FPR@95: 0.1149 | AP: 0.9070


AE finishing... after 0.132 mn
AE --> AUC: 0.9855 | FPR@95: 0.0644 | AP: 0.8997


TCCM finishing... after 0.240 mn
TCCM --> AUC: 0.9704 | FPR@95: 0.1829 | AP: 0.8709

+++++++++++++++++++++ run : 4 / 4 +++++++++++++++++

st5_large_embedding
torch.Size([5000, 768])

OCSVM finishing... after 2.438 mn
OCSVM --> AUC: 0.9622 | FPR@95: 0.1767 | AP: 0.7867

Epoch 50/200 - Loss: 0.1562
Epoch 100/200 - Loss: 0.1538
Epoch 150/200 - Loss: 0.1542
Epoch 200/200 - Loss: 0.1419

RSRAE finishing... after 3.922 mn
RSRAE --> AUC: 0.9846 | FPR@95: 0.0860 | AP: 0.9105


AE finishing... after 0.136 mn
AE --> AUC: 0.9859 | FPR@95: 0.0611 | AP: 0.8963


TCCM finishing... after 0.240 mn
TCCM --> AUC: 0.9757 | FPR@95: 0.1413 | AP: 0.8835

Nouveaux résultats ajoutés pour (dbpedia14, Building, st5, AE, nu=0.0).
Hyperparameters appended to /home/2017025/ayouce01/Textual-Anomaly-Detection-Framework/Anomaly Detection Framework/Results/hyperparameters/ae/hyper.txt
Nouveaux résultats ajoutés pour (dbpedia14, Building, st5, RSRAE, nu=0.0).
Hyperparameters appended to /home/2017025/ayouce01/Textual-Anomaly-Detection-Framework/Anomaly Detection Framework/Results/hyperparameters/rsrae/hyper.txt
Nouveaux résultats ajoutés pour (dbpedia14, Building, st5, ocsvm, nu=0.0).
Hyperparameters appended to /home/2017025/ayouce01/Textual-Anomaly-Detection-Framework/Anomaly Detection Framework/Results/hyperparameters/ocsvm/hyper.txt
Nouveaux résultats ajoutés pour (dbpedia14, Building, st5, TCCM, nu=0.0).
Hyperparameters appended to /home/2017025/ayouce01/Textual-Anomaly-Detection-Framework/Anomaly Detection Framework/Results/hyperparameters/tccm/hyper.txt
------------------------ Natural Place(2/8) -----------------------------
st5_large_embedding
torch.Size([36000, 768])
+++++++++++++++++++++ run : 1 / 4 +++++++++++++++++

st5_large_embedding
torch.Size([5000, 768])

OCSVM finishing... after 2.391 mn
OCSVM --> AUC: 0.9819 | FPR@95: 0.0791 | AP: 0.9387

Epoch 50/200 - Loss: 0.1270
Epoch 100/200 - Loss: 0.1065
Epoch 150/200 - Loss: 0.1322
Epoch 200/200 - Loss: 0.1117

RSRAE finishing... after 3.943 mn
RSRAE --> AUC: 0.9972 | FPR@95: 0.0133 | AP: 0.9807


AE finishing... after 0.145 mn
AE --> AUC: 0.9968 | FPR@95: 0.0149 | AP: 0.9779


TCCM finishing... after 0.248 mn
TCCM --> AUC: 0.9912 | FPR@95: 0.0162 | AP: 0.9724

+++++++++++++++++++++ run : 2 / 4 +++++++++++++++++

st5_large_embedding
torch.Size([5000, 768])

OCSVM finishing... after 2.431 mn
OCSVM --> AUC: 0.9789 | FPR@95: 0.0787 | AP: 0.9359

Epoch 50/200 - Loss: 0.1270
Epoch 100/200 - Loss: 0.1065
Epoch 150/200 - Loss: 0.1322
Epoch 200/200 - Loss: 0.1117

RSRAE finishing... after 3.998 mn
RSRAE --> AUC: 0.9953 | FPR@95: 0.0118 | AP: 0.9753


AE finishing... after 0.136 mn
AE --> AUC: 0.9964 | FPR@95: 0.0173 | AP: 0.9770


TCCM finishing... after 0.243 mn
TCCM --> AUC: 0.9887 | FPR@95: 0.0202 | AP: 0.9657

+++++++++++++++++++++ run : 3 / 4 +++++++++++++++++

st5_large_embedding
torch.Size([5000, 768])

OCSVM finishing... after 2.417 mn
OCSVM --> AUC: 0.9814 | FPR@95: 0.0696 | AP: 0.9420

Epoch 50/200 - Loss: 0.1270
Epoch 100/200 - Loss: 0.1065
Epoch 150/200 - Loss: 0.1322
Epoch 200/200 - Loss: 0.1117

RSRAE finishing... after 3.986 mn
RSRAE --> AUC: 0.9958 | FPR@95: 0.0118 | AP: 0.9778


AE finishing... after 0.133 mn
AE --> AUC: 0.9964 | FPR@95: 0.0187 | AP: 0.9769


TCCM finishing... after 0.242 mn
TCCM --> AUC: 0.9898 | FPR@95: 0.0251 | AP: 0.9694

+++++++++++++++++++++ run : 4 / 4 +++++++++++++++++

st5_large_embedding
torch.Size([5000, 768])

OCSVM finishing... after 2.405 mn
OCSVM --> AUC: 0.9822 | FPR@95: 0.0533 | AP: 0.9430

Epoch 50/200 - Loss: 0.1270
Epoch 100/200 - Loss: 0.1065
Epoch 150/200 - Loss: 0.1322
Epoch 200/200 - Loss: 0.1117

RSRAE finishing... after 3.977 mn
RSRAE --> AUC: 0.9974 | FPR@95: 0.0109 | AP: 0.9820


AE finishing... after 0.135 mn
AE --> AUC: 0.9968 | FPR@95: 0.0104 | AP: 0.9795


TCCM finishing... after 0.243 mn
TCCM --> AUC: 0.9912 | FPR@95: 0.0280 | AP: 0.9700

Nouveaux résultats ajoutés pour (dbpedia14, Natural Place, st5, AE, nu=0.0).
Hyperparameters appended to /home/2017025/ayouce01/Textual-Anomaly-Detection-Framework/Anomaly Detection Framework/Results/hyperparameters/ae/hyper.txt
Nouveaux résultats ajoutés pour (dbpedia14, Natural Place, st5, RSRAE, nu=0.0).
Hyperparameters appended to /home/2017025/ayouce01/Textual-Anomaly-Detection-Framework/Anomaly Detection Framework/Results/hyperparameters/rsrae/hyper.txt
Nouveaux résultats ajoutés pour (dbpedia14, Natural Place, st5, ocsvm, nu=0.0).
Hyperparameters appended to /home/2017025/ayouce01/Textual-Anomaly-Detection-Framework/Anomaly Detection Framework/Results/hyperparameters/ocsvm/hyper.txt
Nouveaux résultats ajoutés pour (dbpedia14, Natural Place, st5, TCCM, nu=0.0).
Hyperparameters appended to /home/2017025/ayouce01/Textual-Anomaly-Detection-Framework/Anomaly Detection Framework/Results/hyperparameters/tccm/hyper.txt
------------------------ Village(3/8) -----------------------------
st5_large_embedding
torch.Size([36000, 768])
+++++++++++++++++++++ run : 1 / 4 +++++++++++++++++

st5_large_embedding
torch.Size([5000, 768])

OCSVM finishing... after 2.459 mn
OCSVM --> AUC: 0.9995 | FPR@95: 0.0020 | AP: 0.9946

Epoch 50/200 - Loss: 0.0533
Epoch 100/200 - Loss: 0.0506
Epoch 150/200 - Loss: 0.0771
Epoch 200/200 - Loss: 0.0647

RSRAE finishing... after 3.990 mn
RSRAE --> AUC: 0.9994 | FPR@95: 0.0013 | AP: 0.9945


AE finishing... after 0.152 mn
AE --> AUC: 0.9994 | FPR@95: 0.0018 | AP: 0.9945


TCCM finishing... after 0.250 mn
TCCM --> AUC: 0.9993 | FPR@95: 0.0024 | AP: 0.9940

+++++++++++++++++++++ run : 2 / 4 +++++++++++++++++

st5_large_embedding
torch.Size([5000, 768])

OCSVM finishing... after 2.732 mn
OCSVM --> AUC: 0.9994 | FPR@95: 0.0022 | AP: 0.9945

Epoch 50/200 - Loss: 0.0533
Epoch 100/200 - Loss: 0.0506
Epoch 150/200 - Loss: 0.0771
Epoch 200/200 - Loss: 0.0647

RSRAE finishing... after 4.146 mn
RSRAE --> AUC: 0.9997 | FPR@95: 0.0007 | AP: 0.9969


AE finishing... after 0.162 mn
AE --> AUC: 0.9995 | FPR@95: 0.0018 | AP: 0.9950


TCCM finishing... after 0.251 mn
TCCM --> AUC: 0.9996 | FPR@95: 0.0013 | AP: 0.9964

+++++++++++++++++++++ run : 3 / 4 +++++++++++++++++

st5_large_embedding
torch.Size([5000, 768])

OCSVM finishing... after 2.672 mn
OCSVM --> AUC: 0.9991 | FPR@95: 0.0031 | AP: 0.9924

Epoch 50/200 - Loss: 0.0533
Epoch 100/200 - Loss: 0.0506
Epoch 150/200 - Loss: 0.0771
Epoch 200/200 - Loss: 0.0647

RSRAE finishing... after 4.112 mn
RSRAE --> AUC: 0.9994 | FPR@95: 0.0018 | AP: 0.9951


AE finishing... after 0.162 mn
AE --> AUC: 0.9992 | FPR@95: 0.0018 | AP: 0.9937


TCCM finishing... after 0.250 mn
TCCM --> AUC: 0.9993 | FPR@95: 0.0029 | AP: 0.9945

+++++++++++++++++++++ run : 4 / 4 +++++++++++++++++

st5_large_embedding
torch.Size([5000, 768])

OCSVM finishing... after 2.712 mn
OCSVM --> AUC: 0.9994 | FPR@95: 0.0018 | AP: 0.9950

Epoch 50/200 - Loss: 0.0533
Epoch 100/200 - Loss: 0.0506
Epoch 150/200 - Loss: 0.0771
Epoch 200/200 - Loss: 0.0647

RSRAE finishing... after 4.140 mn
RSRAE --> AUC: 0.9996 | FPR@95: 0.0009 | AP: 0.9966


AE finishing... after 0.154 mn
AE --> AUC: 0.9995 | FPR@95: 0.0016 | AP: 0.9955


TCCM finishing... after 0.250 mn
TCCM --> AUC: 0.9995 | FPR@95: 0.0018 | AP: 0.9960

Nouveaux résultats ajoutés pour (dbpedia14, Village, st5, AE, nu=0.0).
Hyperparameters appended to /home/2017025/ayouce01/Textual-Anomaly-Detection-Framework/Anomaly Detection Framework/Results/hyperparameters/ae/hyper.txt
Nouveaux résultats ajoutés pour (dbpedia14, Village, st5, RSRAE, nu=0.0).
Hyperparameters appended to /home/2017025/ayouce01/Textual-Anomaly-Detection-Framework/Anomaly Detection Framework/Results/hyperparameters/rsrae/hyper.txt
Nouveaux résultats ajoutés pour (dbpedia14, Village, st5, ocsvm, nu=0.0).
Hyperparameters appended to /home/2017025/ayouce01/Textual-Anomaly-Detection-Framework/Anomaly Detection Framework/Results/hyperparameters/ocsvm/hyper.txt
Nouveaux résultats ajoutés pour (dbpedia14, Village, st5, TCCM, nu=0.0).
Hyperparameters appended to /home/2017025/ayouce01/Textual-Anomaly-Detection-Framework/Anomaly Detection Framework/Results/hyperparameters/tccm/hyper.txt
------------------------ Animal(4/8) -----------------------------
st5_large_embedding
torch.Size([36000, 768])
+++++++++++++++++++++ run : 1 / 4 +++++++++++++++++

st5_large_embedding
torch.Size([5000, 768])

OCSVM finishing... after 2.555 mn
OCSVM --> AUC: 0.9876 | FPR@95: 0.0482 | AP: 0.9560

Epoch 50/200 - Loss: 0.1224
Epoch 100/200 - Loss: 0.1241
Epoch 150/200 - Loss: 0.1192
Epoch 200/200 - Loss: 0.1119

RSRAE finishing... after 4.112 mn
RSRAE --> AUC: 0.9958 | FPR@95: 0.0104 | AP: 0.9830


AE finishing... after 0.163 mn
AE --> AUC: 0.9955 | FPR@95: 0.0153 | AP: 0.9800


TCCM finishing... after 0.249 mn
TCCM --> AUC: 0.9953 | FPR@95: 0.0071 | AP: 0.9800

+++++++++++++++++++++ run : 2 / 4 +++++++++++++++++

st5_large_embedding
torch.Size([5000, 768])

OCSVM finishing... after 2.577 mn
OCSVM --> AUC: 0.9848 | FPR@95: 0.0573 | AP: 0.9558

Epoch 50/200 - Loss: 0.1224
Epoch 100/200 - Loss: 0.1241
Epoch 150/200 - Loss: 0.1192
Epoch 200/200 - Loss: 0.1119

RSRAE finishing... after 4.122 mn
RSRAE --> AUC: 0.9959 | FPR@95: 0.0049 | AP: 0.9851


AE finishing... after 0.156 mn
AE --> AUC: 0.9946 | FPR@95: 0.0180 | AP: 0.9784


TCCM finishing... after 0.251 mn
TCCM --> AUC: 0.9954 | FPR@95: 0.0120 | AP: 0.9798

+++++++++++++++++++++ run : 3 / 4 +++++++++++++++++

st5_large_embedding
torch.Size([5000, 768])

OCSVM finishing... after 2.579 mn
OCSVM --> AUC: 0.9835 | FPR@95: 0.0420 | AP: 0.9566

Epoch 50/200 - Loss: 0.1224
Epoch 100/200 - Loss: 0.1241
Epoch 150/200 - Loss: 0.1192
Epoch 200/200 - Loss: 0.1119

RSRAE finishing... after 4.049 mn
RSRAE --> AUC: 0.9966 | FPR@95: 0.0044 | AP: 0.9853


AE finishing... after 0.133 mn
AE --> AUC: 0.9954 | FPR@95: 0.0118 | AP: 0.9792


TCCM finishing... after 0.243 mn
TCCM --> AUC: 0.9945 | FPR@95: 0.0147 | AP: 0.9786

+++++++++++++++++++++ run : 4 / 4 +++++++++++++++++

st5_large_embedding
torch.Size([5000, 768])

OCSVM finishing... after 2.438 mn
OCSVM --> AUC: 0.9817 | FPR@95: 0.1120 | AP: 0.9473

Epoch 50/200 - Loss: 0.1224
Epoch 100/200 - Loss: 0.1241
Epoch 150/200 - Loss: 0.1192
Epoch 200/200 - Loss: 0.1119

RSRAE finishing... after 3.968 mn
RSRAE --> AUC: 0.9927 | FPR@95: 0.0238 | AP: 0.9757


AE finishing... after 0.135 mn
AE --> AUC: 0.9924 | FPR@95: 0.0356 | AP: 0.9707


TCCM finishing... after 0.242 mn
TCCM --> AUC: 0.9899 | FPR@95: 0.0347 | AP: 0.9679

Nouveaux résultats ajoutés pour (dbpedia14, Animal, st5, AE, nu=0.0).
Hyperparameters appended to /home/2017025/ayouce01/Textual-Anomaly-Detection-Framework/Anomaly Detection Framework/Results/hyperparameters/ae/hyper.txt
Nouveaux résultats ajoutés pour (dbpedia14, Animal, st5, RSRAE, nu=0.0).
Hyperparameters appended to /home/2017025/ayouce01/Textual-Anomaly-Detection-Framework/Anomaly Detection Framework/Results/hyperparameters/rsrae/hyper.txt
Nouveaux résultats ajoutés pour (dbpedia14, Animal, st5, ocsvm, nu=0.0).
Hyperparameters appended to /home/2017025/ayouce01/Textual-Anomaly-Detection-Framework/Anomaly Detection Framework/Results/hyperparameters/ocsvm/hyper.txt
Nouveaux résultats ajoutés pour (dbpedia14, Animal, st5, TCCM, nu=0.0).
Hyperparameters appended to /home/2017025/ayouce01/Textual-Anomaly-Detection-Framework/Anomaly Detection Framework/Results/hyperparameters/tccm/hyper.txt
------------------------ Plant(5/8) -----------------------------
st5_large_embedding
torch.Size([36000, 768])
+++++++++++++++++++++ run : 1 / 4 +++++++++++++++++

st5_large_embedding
torch.Size([5000, 768])

OCSVM finishing... after 2.468 mn
OCSVM --> AUC: 0.9934 | FPR@95: 0.0109 | AP: 0.9559

Epoch 50/200 - Loss: 0.1222
Epoch 100/200 - Loss: 0.1124
Epoch 150/200 - Loss: 0.1270
Epoch 200/200 - Loss: 0.1276

RSRAE finishing... after 3.964 mn
RSRAE --> AUC: 0.9968 | FPR@95: 0.0053 | AP: 0.9669


AE finishing... after 0.131 mn
AE --> AUC: 0.9955 | FPR@95: 0.0109 | AP: 0.9608


TCCM finishing... after 0.242 mn
TCCM --> AUC: 0.9962 | FPR@95: 0.0133 | AP: 0.9685

+++++++++++++++++++++ run : 2 / 4 +++++++++++++++++

st5_large_embedding
torch.Size([5000, 768])

OCSVM finishing... after 2.439 mn
OCSVM --> AUC: 0.9954 | FPR@95: 0.0113 | AP: 0.9562

Epoch 50/200 - Loss: 0.1222
Epoch 100/200 - Loss: 0.1124
Epoch 150/200 - Loss: 0.1270
Epoch 200/200 - Loss: 0.1276

RSRAE finishing... after 4.010 mn
RSRAE --> AUC: 0.9971 | FPR@95: 0.0067 | AP: 0.9654


AE finishing... after 0.138 mn
AE --> AUC: 0.9956 | FPR@95: 0.0162 | AP: 0.9604


TCCM finishing... after 0.243 mn
TCCM --> AUC: 0.9964 | FPR@95: 0.0118 | AP: 0.9687

+++++++++++++++++++++ run : 3 / 4 +++++++++++++++++

st5_large_embedding
torch.Size([5000, 768])

OCSVM finishing... after 2.556 mn
OCSVM --> AUC: 0.9934 | FPR@95: 0.0133 | AP: 0.9525

Epoch 50/200 - Loss: 0.1222
Epoch 100/200 - Loss: 0.1124
Epoch 150/200 - Loss: 0.1270
Epoch 200/200 - Loss: 0.1276

RSRAE finishing... after 3.925 mn
RSRAE --> AUC: 0.9972 | FPR@95: 0.0069 | AP: 0.9656


AE finishing... after 0.137 mn
AE --> AUC: 0.9955 | FPR@95: 0.0162 | AP: 0.9573


TCCM finishing... after 0.240 mn
TCCM --> AUC: 0.9966 | FPR@95: 0.0129 | AP: 0.9703

+++++++++++++++++++++ run : 4 / 4 +++++++++++++++++

st5_large_embedding
torch.Size([5000, 768])

OCSVM finishing... after 2.536 mn
OCSVM --> AUC: 0.9951 | FPR@95: 0.0107 | AP: 0.9532

Epoch 50/200 - Loss: 0.1222
Epoch 100/200 - Loss: 0.1124
Epoch 150/200 - Loss: 0.1270
Epoch 200/200 - Loss: 0.1276

RSRAE finishing... after 3.921 mn
RSRAE --> AUC: 0.9968 | FPR@95: 0.0069 | AP: 0.9645


AE finishing... after 0.134 mn
AE --> AUC: 0.9955 | FPR@95: 0.0142 | AP: 0.9574


TCCM finishing... after 0.240 mn
TCCM --> AUC: 0.9969 | FPR@95: 0.0100 | AP: 0.9690

Nouveaux résultats ajoutés pour (dbpedia14, Plant, st5, AE, nu=0.0).
Hyperparameters appended to /home/2017025/ayouce01/Textual-Anomaly-Detection-Framework/Anomaly Detection Framework/Results/hyperparameters/ae/hyper.txt
Nouveaux résultats ajoutés pour (dbpedia14, Plant, st5, RSRAE, nu=0.0).
Hyperparameters appended to /home/2017025/ayouce01/Textual-Anomaly-Detection-Framework/Anomaly Detection Framework/Results/hyperparameters/rsrae/hyper.txt
Nouveaux résultats ajoutés pour (dbpedia14, Plant, st5, ocsvm, nu=0.0).
Hyperparameters appended to /home/2017025/ayouce01/Textual-Anomaly-Detection-Framework/Anomaly Detection Framework/Results/hyperparameters/ocsvm/hyper.txt
Nouveaux résultats ajoutés pour (dbpedia14, Plant, st5, TCCM, nu=0.0).
Hyperparameters appended to /home/2017025/ayouce01/Textual-Anomaly-Detection-Framework/Anomaly Detection Framework/Results/hyperparameters/tccm/hyper.txt
------------------------ Album(6/8) -----------------------------
st5_large_embedding
torch.Size([36000, 768])
+++++++++++++++++++++ run : 1 / 4 +++++++++++++++++

st5_large_embedding
torch.Size([5000, 768])

OCSVM finishing... after 2.437 mn
OCSVM --> AUC: 0.9959 | FPR@95: 0.0027 | AP: 0.9823

Epoch 50/200 - Loss: 0.1753
Epoch 100/200 - Loss: 0.1636
Epoch 150/200 - Loss: 0.1568
Epoch 200/200 - Loss: 0.1571

RSRAE finishing... after 3.915 mn
RSRAE --> AUC: 0.9962 | FPR@95: 0.0031 | AP: 0.9811


AE finishing... after 0.139 mn
AE --> AUC: 0.9960 | FPR@95: 0.0040 | AP: 0.9804


TCCM finishing... after 0.240 mn
TCCM --> AUC: 0.9946 | FPR@95: 0.0036 | AP: 0.9762

+++++++++++++++++++++ run : 2 / 4 +++++++++++++++++

st5_large_embedding
torch.Size([5000, 768])

OCSVM finishing... after 2.590 mn
OCSVM --> AUC: 0.9971 | FPR@95: 0.0047 | AP: 0.9823

Epoch 50/200 - Loss: 0.1753
Epoch 100/200 - Loss: 0.1636
Epoch 150/200 - Loss: 0.1568
Epoch 200/200 - Loss: 0.1571

RSRAE finishing... after 4.120 mn
RSRAE --> AUC: 0.9947 | FPR@95: 0.0076 | AP: 0.9762


AE finishing... after 0.138 mn
AE --> AUC: 0.9955 | FPR@95: 0.0058 | AP: 0.9782


TCCM finishing... after 0.249 mn
TCCM --> AUC: 0.9943 | FPR@95: 0.0118 | AP: 0.9704

+++++++++++++++++++++ run : 3 / 4 +++++++++++++++++

st5_large_embedding
torch.Size([5000, 768])

OCSVM finishing... after 2.579 mn
OCSVM --> AUC: 0.9947 | FPR@95: 0.0042 | AP: 0.9785

Epoch 50/200 - Loss: 0.1753
Epoch 100/200 - Loss: 0.1636
Epoch 150/200 - Loss: 0.1568
Epoch 200/200 - Loss: 0.1571

RSRAE finishing... after 4.132 mn
RSRAE --> AUC: 0.9889 | FPR@95: 0.0078 | AP: 0.9661


AE finishing... after 0.145 mn
AE --> AUC: 0.9902 | FPR@95: 0.0062 | AP: 0.9698


TCCM finishing... after 0.251 mn
TCCM --> AUC: 0.9867 | FPR@95: 0.0187 | AP: 0.9600

+++++++++++++++++++++ run : 4 / 4 +++++++++++++++++

st5_large_embedding
torch.Size([5000, 768])

OCSVM finishing... after 2.596 mn
OCSVM --> AUC: 0.9977 | FPR@95: 0.0022 | AP: 0.9857

Epoch 50/200 - Loss: 0.1753
Epoch 100/200 - Loss: 0.1636
Epoch 150/200 - Loss: 0.1568
Epoch 200/200 - Loss: 0.1571

RSRAE finishing... after 4.136 mn
RSRAE --> AUC: 0.9963 | FPR@95: 0.0038 | AP: 0.9779


AE finishing... after 0.141 mn
AE --> AUC: 0.9974 | FPR@95: 0.0033 | AP: 0.9801


TCCM finishing... after 0.251 mn
TCCM --> AUC: 0.9949 | FPR@95: 0.0053 | AP: 0.9732

Nouveaux résultats ajoutés pour (dbpedia14, Album, st5, AE, nu=0.0).
Hyperparameters appended to /home/2017025/ayouce01/Textual-Anomaly-Detection-Framework/Anomaly Detection Framework/Results/hyperparameters/ae/hyper.txt
Nouveaux résultats ajoutés pour (dbpedia14, Album, st5, RSRAE, nu=0.0).
Hyperparameters appended to /home/2017025/ayouce01/Textual-Anomaly-Detection-Framework/Anomaly Detection Framework/Results/hyperparameters/rsrae/hyper.txt
Nouveaux résultats ajoutés pour (dbpedia14, Album, st5, ocsvm, nu=0.0).
Hyperparameters appended to /home/2017025/ayouce01/Textual-Anomaly-Detection-Framework/Anomaly Detection Framework/Results/hyperparameters/ocsvm/hyper.txt
Nouveaux résultats ajoutés pour (dbpedia14, Album, st5, TCCM, nu=0.0).
Hyperparameters appended to /home/2017025/ayouce01/Textual-Anomaly-Detection-Framework/Anomaly Detection Framework/Results/hyperparameters/tccm/hyper.txt
------------------------ Film(7/8) -----------------------------
st5_large_embedding
torch.Size([36000, 768])
+++++++++++++++++++++ run : 1 / 4 +++++++++++++++++

st5_large_embedding
torch.Size([5000, 768])

OCSVM finishing... after 2.633 mn
OCSVM --> AUC: 0.9979 | FPR@95: 0.0040 | AP: 0.9866

Epoch 50/200 - Loss: 0.1620
Epoch 100/200 - Loss: 0.1557
Epoch 150/200 - Loss: 0.1559
Epoch 200/200 - Loss: 0.1488

RSRAE finishing... after 4.149 mn
RSRAE --> AUC: 0.9979 | FPR@95: 0.0047 | AP: 0.9861


AE finishing... after 0.163 mn
AE --> AUC: 0.9986 | FPR@95: 0.0031 | AP: 0.9902


TCCM finishing... after 0.252 mn
TCCM --> AUC: 0.9972 | FPR@95: 0.0147 | AP: 0.9815

+++++++++++++++++++++ run : 2 / 4 +++++++++++++++++

st5_large_embedding
torch.Size([5000, 768])

OCSVM finishing... after 2.598 mn
OCSVM --> AUC: 0.9990 | FPR@95: 0.0036 | AP: 0.9908

Epoch 50/200 - Loss: 0.1620
Epoch 100/200 - Loss: 0.1557
Epoch 150/200 - Loss: 0.1559
Epoch 200/200 - Loss: 0.1488

RSRAE finishing... after 4.176 mn
RSRAE --> AUC: 0.9965 | FPR@95: 0.0060 | AP: 0.9811


AE finishing... after 0.159 mn
AE --> AUC: 0.9987 | FPR@95: 0.0031 | AP: 0.9912


TCCM finishing... after 0.251 mn
TCCM --> AUC: 0.9965 | FPR@95: 0.0082 | AP: 0.9805

+++++++++++++++++++++ run : 3 / 4 +++++++++++++++++

st5_large_embedding
torch.Size([5000, 768])

OCSVM finishing... after 2.590 mn
OCSVM --> AUC: 0.9991 | FPR@95: 0.0033 | AP: 0.9923

Epoch 50/200 - Loss: 0.1620
Epoch 100/200 - Loss: 0.1557
Epoch 150/200 - Loss: 0.1559
Epoch 200/200 - Loss: 0.1488

RSRAE finishing... after 4.274 mn
RSRAE --> AUC: 0.9970 | FPR@95: 0.0049 | AP: 0.9851


AE finishing... after 0.179 mn
AE --> AUC: 0.9988 | FPR@95: 0.0031 | AP: 0.9912


TCCM finishing... after 0.259 mn
TCCM --> AUC: 0.9959 | FPR@95: 0.0109 | AP: 0.9791

+++++++++++++++++++++ run : 4 / 4 +++++++++++++++++

st5_large_embedding
torch.Size([5000, 768])

OCSVM finishing... after 2.633 mn
OCSVM --> AUC: 0.9983 | FPR@95: 0.0038 | AP: 0.9898

Epoch 50/200 - Loss: 0.1620
Epoch 100/200 - Loss: 0.1557
Epoch 150/200 - Loss: 0.1559
Epoch 200/200 - Loss: 0.1488

RSRAE finishing... after 4.151 mn
RSRAE --> AUC: 0.9960 | FPR@95: 0.0084 | AP: 0.9822


AE finishing... after 0.157 mn
AE --> AUC: 0.9984 | FPR@95: 0.0040 | AP: 0.9903


TCCM finishing... after 0.250 mn
TCCM --> AUC: 0.9966 | FPR@95: 0.0080 | AP: 0.9821

Nouveaux résultats ajoutés pour (dbpedia14, Film, st5, AE, nu=0.0).
Hyperparameters appended to /home/2017025/ayouce01/Textual-Anomaly-Detection-Framework/Anomaly Detection Framework/Results/hyperparameters/ae/hyper.txt
Nouveaux résultats ajoutés pour (dbpedia14, Film, st5, RSRAE, nu=0.0).
Hyperparameters appended to /home/2017025/ayouce01/Textual-Anomaly-Detection-Framework/Anomaly Detection Framework/Results/hyperparameters/rsrae/hyper.txt
Nouveaux résultats ajoutés pour (dbpedia14, Film, st5, ocsvm, nu=0.0).
Hyperparameters appended to /home/2017025/ayouce01/Textual-Anomaly-Detection-Framework/Anomaly Detection Framework/Results/hyperparameters/ocsvm/hyper.txt
Nouveaux résultats ajoutés pour (dbpedia14, Film, st5, TCCM, nu=0.0).
Hyperparameters appended to /home/2017025/ayouce01/Textual-Anomaly-Detection-Framework/Anomaly Detection Framework/Results/hyperparameters/tccm/hyper.txt
------------------------ Written Work(8/8) -----------------------------
st5_large_embedding
torch.Size([36000, 768])
+++++++++++++++++++++ run : 1 / 4 +++++++++++++++++

st5_large_embedding
torch.Size([5000, 768])

OCSVM finishing... after 2.567 mn
OCSVM --> AUC: 0.9464 | FPR@95: 0.2076 | AP: 0.7214

Epoch 50/200 - Loss: 0.1803
Epoch 100/200 - Loss: 0.1789
Epoch 150/200 - Loss: 0.1843
Epoch 200/200 - Loss: 0.1864

RSRAE finishing... after 4.154 mn
RSRAE --> AUC: 0.9780 | FPR@95: 0.0871 | AP: 0.9136


AE finishing... after 0.163 mn
AE --> AUC: 0.9779 | FPR@95: 0.1022 | AP: 0.8721


TCCM finishing... after 0.252 mn
TCCM --> AUC: 0.9670 | FPR@95: 0.1580 | AP: 0.8447

+++++++++++++++++++++ run : 2 / 4 +++++++++++++++++

st5_large_embedding
torch.Size([5000, 768])

OCSVM finishing... after 2.562 mn
OCSVM --> AUC: 0.9504 | FPR@95: 0.2016 | AP: 0.7626

Epoch 50/200 - Loss: 0.1803
Epoch 100/200 - Loss: 0.1789
Epoch 150/200 - Loss: 0.1843
Epoch 200/200 - Loss: 0.1864

RSRAE finishing... after 4.172 mn
RSRAE --> AUC: 0.9779 | FPR@95: 0.0996 | AP: 0.9156


AE finishing... after 0.158 mn
AE --> AUC: 0.9766 | FPR@95: 0.0771 | AP: 0.8877


TCCM finishing... after 0.251 mn
TCCM --> AUC: 0.9635 | FPR@95: 0.1573 | AP: 0.8434

+++++++++++++++++++++ run : 3 / 4 +++++++++++++++++

st5_large_embedding
torch.Size([5000, 768])

OCSVM finishing... after 2.575 mn
OCSVM --> AUC: 0.9499 | FPR@95: 0.2147 | AP: 0.7353

Epoch 50/200 - Loss: 0.1803
Epoch 100/200 - Loss: 0.1789
Epoch 150/200 - Loss: 0.1843
Epoch 200/200 - Loss: 0.1864

RSRAE finishing... after 4.141 mn
RSRAE --> AUC: 0.9814 | FPR@95: 0.0740 | AP: 0.9295


AE finishing... after 0.162 mn
AE --> AUC: 0.9783 | FPR@95: 0.0811 | AP: 0.8878


TCCM finishing... after 0.250 mn
TCCM --> AUC: 0.9671 | FPR@95: 0.1444 | AP: 0.8431

+++++++++++++++++++++ run : 4 / 4 +++++++++++++++++

st5_large_embedding
torch.Size([5000, 768])

OCSVM finishing... after 2.554 mn
OCSVM --> AUC: 0.9495 | FPR@95: 0.2289 | AP: 0.7233

Epoch 50/200 - Loss: 0.1803
Epoch 100/200 - Loss: 0.1789
Epoch 150/200 - Loss: 0.1843
Epoch 200/200 - Loss: 0.1864

RSRAE finishing... after 4.142 mn
RSRAE --> AUC: 0.9784 | FPR@95: 0.0856 | AP: 0.9070


AE finishing... after 0.159 mn
AE --> AUC: 0.9764 | FPR@95: 0.0931 | AP: 0.8707


TCCM finishing... after 0.250 mn
TCCM --> AUC: 0.9658 | FPR@95: 0.1998 | AP: 0.8342

Nouveaux résultats ajoutés pour (dbpedia14, Written Work, st5, AE, nu=0.0).
Hyperparameters appended to /home/2017025/ayouce01/Textual-Anomaly-Detection-Framework/Anomaly Detection Framework/Results/hyperparameters/ae/hyper.txt
Nouveaux résultats ajoutés pour (dbpedia14, Written Work, st5, RSRAE, nu=0.0).
Hyperparameters appended to /home/2017025/ayouce01/Textual-Anomaly-Detection-Framework/Anomaly Detection Framework/Results/hyperparameters/rsrae/hyper.txt
Nouveaux résultats ajoutés pour (dbpedia14, Written Work, st5, ocsvm, nu=0.0).
Hyperparameters appended to /home/2017025/ayouce01/Textual-Anomaly-Detection-Framework/Anomaly Detection Framework/Results/hyperparameters/ocsvm/hyper.txt
Nouveaux résultats ajoutés pour (dbpedia14, Written Work, st5, TCCM, nu=0.0).
Hyperparameters appended to /home/2017025/ayouce01/Textual-Anomaly-Detection-Framework/Anomaly Detection Framework/Results/hyperparameters/tccm/hyper.txt
