Job ID: 1969681

<<<<<<<<<<<<<< imdb >>>>>>>>>>>>>>>>>>>

------------------------ negative(1/1) -----------------------------
st5_large_embedding
torch.Size([12500, 768])
+++++++++++++++++++++ run : 1 / 4 +++++++++++++++++

st5_large_embedding
torch.Size([12500, 768])

Epoch 1/350
Train Loss: 0.0104, LR: 0.000007
tensor(0.9998, device='cuda:0', grad_fn=<ExpBackward0>)

Epoch 117/350
Train Loss: 0.0026, LR: 0.000775
tensor(0.4718, device='cuda:0', grad_fn=<ExpBackward0>)

Epoch 233/350
Train Loss: 0.0008, LR: 0.000639
tensor(0.2088, device='cuda:0', grad_fn=<ExpBackward0>)

Epoch 349/350
Train Loss: 0.0008, LR: 0.000000
tensor(0.1829, device='cuda:0', grad_fn=<ExpBackward0>)

FM Transformer finishing... after 5.769 mn
AUC:        0.7220
Avg Precision: 0.2035
FPR@95:     0.7419
FM --> AUC: 0.7220 | FPR@95: 0.7419 | AP: 0.2035

+++++++++++++++++++++ run : 2 / 4 +++++++++++++++++

st5_large_embedding
torch.Size([12500, 768])

Epoch 1/350
Train Loss: 0.0104, LR: 0.000007
tensor(0.9998, device='cuda:0', grad_fn=<ExpBackward0>)

Epoch 117/350
Train Loss: 0.0026, LR: 0.000775
tensor(0.4718, device='cuda:0', grad_fn=<ExpBackward0>)

Epoch 233/350
Train Loss: 0.0008, LR: 0.000639
tensor(0.2089, device='cuda:0', grad_fn=<ExpBackward0>)

Epoch 349/350
Train Loss: 0.0008, LR: 0.000000
tensor(0.1830, device='cuda:0', grad_fn=<ExpBackward0>)

FM Transformer finishing... after 5.592 mn
AUC:        0.7199
Avg Precision: 0.1932
FPR@95:     0.7106
FM --> AUC: 0.7199 | FPR@95: 0.7106 | AP: 0.1932

+++++++++++++++++++++ run : 3 / 4 +++++++++++++++++

st5_large_embedding
torch.Size([12500, 768])

Epoch 1/350
Train Loss: 0.0104, LR: 0.000007
tensor(0.9998, device='cuda:0', grad_fn=<ExpBackward0>)

Epoch 117/350
Train Loss: 0.0026, LR: 0.000775
tensor(0.4718, device='cuda:0', grad_fn=<ExpBackward0>)

Epoch 233/350
Train Loss: 0.0008, LR: 0.000639
tensor(0.2088, device='cuda:0', grad_fn=<ExpBackward0>)

Epoch 349/350
Train Loss: 0.0008, LR: 0.000000
tensor(0.1829, device='cuda:0', grad_fn=<ExpBackward0>)

FM Transformer finishing... after 5.509 mn
AUC:        0.7114
Avg Precision: 0.1900
FPR@95:     0.7588
FM --> AUC: 0.7114 | FPR@95: 0.7588 | AP: 0.1900

+++++++++++++++++++++ run : 4 / 4 +++++++++++++++++

st5_large_embedding
torch.Size([12500, 768])

Epoch 1/350
Train Loss: 0.0104, LR: 0.000007
tensor(0.9998, device='cuda:0', grad_fn=<ExpBackward0>)

Epoch 117/350
Train Loss: 0.0026, LR: 0.000775
tensor(0.4718, device='cuda:0', grad_fn=<ExpBackward0>)

Epoch 233/350
Train Loss: 0.0008, LR: 0.000639
tensor(0.2088, device='cuda:0', grad_fn=<ExpBackward0>)

Epoch 349/350
Train Loss: 0.0008, LR: 0.000000
tensor(0.1829, device='cuda:0', grad_fn=<ExpBackward0>)

FM Transformer finishing... after 5.541 mn
AUC:        0.7183
Avg Precision: 0.1940
FPR@95:     0.7143
FM --> AUC: 0.7183 | FPR@95: 0.7143 | AP: 0.1940

negative 0.7179073866666668 0.7313777777777777 0.19515700248098944
Nouveaux résultats ajoutés pour (imdb, negative, st5, flow-matching-Transformers-Comp, nu=0.0).
Hyperparameters appended to /home/2017025/ayouce01/Textual-Anomaly-Detection-Framework/Anomaly Detection Framework/Results/hyperparameters/fmt_toksen/hyper.txt
