Job ID: 1958198
Requested time: 

<<<<<<<<<<<<<< mage >>>>>>>>>>>>>>>>>>>

------------------------ normal(1/1) -----------------------------
torch.Size([25000, 256, 768])
+++++++++++++++++++++ run : 1 / 3 +++++++++++++++++

torch.Size([12000, 256, 768])

Epoch 1/200
Train Loss: 0.0102, LR: 0.000012
tensor(0.9994, device='cuda:0', grad_fn=<ExpBackward0>)

Epoch 67/200
Train Loss: 0.0019, LR: 0.000827
tensor(0.4235, device='cuda:0', grad_fn=<ExpBackward0>)

Epoch 133/200
Train Loss: 0.0004, LR: 0.000604
tensor(0.1703, device='cuda:0', grad_fn=<ExpBackward0>)

Epoch 199/200
Train Loss: 0.0002, LR: 0.000001
tensor(0.1316, device='cuda:0', grad_fn=<ExpBackward0>)

FM Transformer finishing... after 44.818 mn
AUC:        0.5395
Avg Precision: 0.1263
FPR@95:     0.9565
FM --> AUC: 0.5395 | FPR@95: 0.9565 | AP: 0.1263

+++++++++++++++++++++ run : 2 / 3 +++++++++++++++++

torch.Size([12000, 256, 768])

Epoch 1/200
Train Loss: 0.0102, LR: 0.000012
tensor(0.9994, device='cuda:0', grad_fn=<ExpBackward0>)

Epoch 67/200
Train Loss: 0.0019, LR: 0.000827
tensor(0.4235, device='cuda:0', grad_fn=<ExpBackward0>)

Epoch 133/200
Train Loss: 0.0004, LR: 0.000604
tensor(0.1703, device='cuda:0', grad_fn=<ExpBackward0>)

Epoch 199/200
Train Loss: 0.0002, LR: 0.000001
tensor(0.1316, device='cuda:0', grad_fn=<ExpBackward0>)

FM Transformer finishing... after 44.557 mn
AUC:        0.5389
Avg Precision: 0.1219
FPR@95:     0.9552
FM --> AUC: 0.5389 | FPR@95: 0.9552 | AP: 0.1219

+++++++++++++++++++++ run : 3 / 3 +++++++++++++++++

torch.Size([12000, 256, 768])

Epoch 1/200
Train Loss: 0.0102, LR: 0.000012
tensor(0.9994, device='cuda:0', grad_fn=<ExpBackward0>)

Epoch 67/200
Train Loss: 0.0019, LR: 0.000827
tensor(0.4235, device='cuda:0', grad_fn=<ExpBackward0>)

Epoch 133/200
Train Loss: 0.0004, LR: 0.000604
tensor(0.1703, device='cuda:0', grad_fn=<ExpBackward0>)

Epoch 199/200
Train Loss: 0.0002, LR: 0.000001
tensor(0.1316, device='cuda:0', grad_fn=<ExpBackward0>)

FM Transformer finishing... after 44.531 mn
AUC:        0.5484
Avg Precision: 0.1204
FPR@95:     0.9508
FM --> AUC: 0.5484 | FPR@95: 0.9508 | AP: 0.1204

normal 0.542280902404293 0.9541774811518972 0.1228513390384356
Résultats existants non modifiés pour (mage, normal, bert, flow-matching-Transformers-Comp, nu=0.0).
