Job ID: 1956498

<<<<<<<<<<<<<< dbpedia14 >>>>>>>>>>>>>>>>>>>

------------------------ Written Work(1/1) -----------------------------
torch.Size([25000, 256, 768])
+++++++++++++++++++++ run : 1 / 3 +++++++++++++++++

torch.Size([5000, 256, 768])
Epoch 50/100 - Loss: 0.0095
Epoch 100/100 - Loss: 0.0083

RSRAE finishing... after 7.055 mn
RSRAE --> AUC: 0.9065 | FPR@95: 0.2784 | AP: 0.4117

Training sur 36000 samples, 71 batches
K=50 masks, ratio=0.5, seq_len=256
Epoch 1/50 - Loss: 544.69 (RMD: 5.1172, RTD: 0.6593) | Masked: 11.78%
Epoch 11/50 - Loss: 448.96 (RMD: 4.1425, RTD: 0.6942) | Masked: 12.05%
Epoch 21/50 - Loss: 433.62 (RMD: 3.9896, RTD: 0.6933) | Masked: 12.09%
Epoch 31/50 - Loss: 435.39 (RMD: 4.0070, RTD: 0.6938) | Masked: 11.91%
Epoch 41/50 - Loss: 431.49 (RMD: 3.9686, RTD: 0.6925) | Masked: 11.78%
\DATE finishing... after 12.791 mn
DATE --> AUC: 0.7404 | FPR@95: 0.7456 | AP: 0.2191

+++++++++++++++++++++ run : 2 / 3 +++++++++++++++++

torch.Size([5000, 256, 768])
Epoch 50/100 - Loss: 0.0095
Epoch 100/100 - Loss: 0.0083

RSRAE finishing... after 7.023 mn
RSRAE --> AUC: 0.9041 | FPR@95: 0.3362 | AP: 0.4167

Training sur 36000 samples, 71 batches
K=50 masks, ratio=0.5, seq_len=256
Epoch 1/50 - Loss: 544.69 (RMD: 5.1172, RTD: 0.6593) | Masked: 11.78%
Epoch 11/50 - Loss: 448.96 (RMD: 4.1425, RTD: 0.6942) | Masked: 12.05%
Epoch 21/50 - Loss: 433.62 (RMD: 3.9896, RTD: 0.6933) | Masked: 12.09%
Epoch 31/50 - Loss: 435.39 (RMD: 4.0070, RTD: 0.6938) | Masked: 11.91%
Epoch 41/50 - Loss: 431.49 (RMD: 3.9686, RTD: 0.6925) | Masked: 11.78%
\DATE finishing... after 12.830 mn
DATE --> AUC: 0.7132 | FPR@95: 0.7864 | AP: 0.2129

+++++++++++++++++++++ run : 3 / 3 +++++++++++++++++

torch.Size([5000, 256, 768])
Epoch 50/100 - Loss: 0.0095
Epoch 100/100 - Loss: 0.0083

RSRAE finishing... after 7.030 mn
RSRAE --> AUC: 0.9193 | FPR@95: 0.2542 | AP: 0.4479

Training sur 36000 samples, 71 batches
K=50 masks, ratio=0.5, seq_len=256
Epoch 1/50 - Loss: 544.69 (RMD: 5.1172, RTD: 0.6593) | Masked: 11.78%
Epoch 11/50 - Loss: 448.96 (RMD: 4.1425, RTD: 0.6942) | Masked: 12.05%
Epoch 21/50 - Loss: 433.62 (RMD: 3.9896, RTD: 0.6933) | Masked: 12.09%
Epoch 31/50 - Loss: 435.39 (RMD: 4.0070, RTD: 0.6938) | Masked: 11.91%
Epoch 41/50 - Loss: 431.49 (RMD: 3.9686, RTD: 0.6925) | Masked: 11.78%
\DATE finishing... after 12.900 mn
DATE --> AUC: 0.7231 | FPR@95: 0.7867 | AP: 0.2172

Résultats mis à jour pour (dbpedia14, Written Work, bert, RSRAE, nu=0.0).
Résultats mis à jour pour (dbpedia14, Written Work, bert, DATE, nu=0.0).
