Job ID: 1956486

<<<<<<<<<<<<<< dbpedia14 >>>>>>>>>>>>>>>>>>>

------------------------ Athlete(1/1) -----------------------------
torch.Size([25000, 256, 768])
+++++++++++++++++++++ run : 1 / 3 +++++++++++++++++

torch.Size([5000, 256, 768])
Epoch 50/100 - Loss: 0.0088
Epoch 100/100 - Loss: 0.0064

RSRAE finishing... after 6.698 mn
RSRAE --> AUC: 0.9453 | FPR@95: 0.1236 | AP: 0.5090

Training sur 36000 samples, 71 batches
K=50 masks, ratio=0.5, seq_len=256
Epoch 1/50 - Loss: 523.49 (RMD: 5.0215, RTD: 0.4268) | Masked: 11.05%
Epoch 11/50 - Loss: 455.13 (RMD: 4.2154, RTD: 0.6718) | Masked: 11.30%
Epoch 21/50 - Loss: 436.50 (RMD: 4.0182, RTD: 0.6935) | Masked: 11.35%
Epoch 31/50 - Loss: 437.03 (RMD: 4.0235, RTD: 0.6937) | Masked: 11.17%
Epoch 41/50 - Loss: 432.89 (RMD: 3.9826, RTD: 0.6925) | Masked: 11.05%
\DATE finishing... after 12.798 mn
DATE --> AUC: 0.5144 | FPR@95: 0.9767 | AP: 0.1027

+++++++++++++++++++++ run : 2 / 3 +++++++++++++++++

torch.Size([5000, 256, 768])
Epoch 50/100 - Loss: 0.0088
Epoch 100/100 - Loss: 0.0064

RSRAE finishing... after 7.020 mn
RSRAE --> AUC: 0.9410 | FPR@95: 0.1376 | AP: 0.4947

Training sur 36000 samples, 71 batches
K=50 masks, ratio=0.5, seq_len=256
Epoch 1/50 - Loss: 523.49 (RMD: 5.0215, RTD: 0.4268) | Masked: 11.05%
Epoch 11/50 - Loss: 455.13 (RMD: 4.2154, RTD: 0.6718) | Masked: 11.30%
Epoch 21/50 - Loss: 436.50 (RMD: 4.0182, RTD: 0.6935) | Masked: 11.35%
Epoch 31/50 - Loss: 437.03 (RMD: 4.0235, RTD: 0.6937) | Masked: 11.17%
Epoch 41/50 - Loss: 432.89 (RMD: 3.9826, RTD: 0.6925) | Masked: 11.05%
\DATE finishing... after 12.864 mn
DATE --> AUC: 0.5003 | FPR@95: 0.9787 | AP: 0.1000

+++++++++++++++++++++ run : 3 / 3 +++++++++++++++++

torch.Size([5000, 256, 768])
Epoch 50/100 - Loss: 0.0088
Epoch 100/100 - Loss: 0.0064

RSRAE finishing... after 6.863 mn
RSRAE --> AUC: 0.9435 | FPR@95: 0.1249 | AP: 0.4930

Training sur 36000 samples, 71 batches
K=50 masks, ratio=0.5, seq_len=256
Epoch 1/50 - Loss: 523.49 (RMD: 5.0215, RTD: 0.4268) | Masked: 11.05%
Epoch 11/50 - Loss: 455.13 (RMD: 4.2154, RTD: 0.6718) | Masked: 11.30%
Epoch 21/50 - Loss: 436.50 (RMD: 4.0182, RTD: 0.6935) | Masked: 11.35%
Epoch 31/50 - Loss: 437.03 (RMD: 4.0235, RTD: 0.6937) | Masked: 11.17%
Epoch 41/50 - Loss: 432.89 (RMD: 3.9826, RTD: 0.6925) | Masked: 11.05%
\DATE finishing... after 12.873 mn
DATE --> AUC: 0.5161 | FPR@95: 0.9760 | AP: 0.1028

Résultats mis à jour pour (dbpedia14, Athlete, bert, RSRAE, nu=0.0).
Résultats existants non modifiés pour (dbpedia14, Athlete, bert, DATE, nu=0.0).
