Job ID: 1956485

<<<<<<<<<<<<<< dbpedia14 >>>>>>>>>>>>>>>>>>>

------------------------ Artist(1/1) -----------------------------
torch.Size([25000, 256, 768])
+++++++++++++++++++++ run : 1 / 3 +++++++++++++++++

torch.Size([5000, 256, 768])
Epoch 50/100 - Loss: 0.0084
Epoch 100/100 - Loss: 0.0091

RSRAE finishing... after 6.951 mn
RSRAE --> AUC: 0.8362 | FPR@95: 0.4824 | AP: 0.2645

Training sur 36000 samples, 71 batches
K=50 masks, ratio=0.5, seq_len=256
Epoch 1/50 - Loss: 544.99 (RMD: 5.1225, RTD: 0.6548) | Masked: 11.99%
Epoch 11/50 - Loss: 448.50 (RMD: 4.1379, RTD: 0.6941) | Masked: 12.24%
Epoch 21/50 - Loss: 433.55 (RMD: 3.9889, RTD: 0.6933) | Masked: 12.28%
Epoch 31/50 - Loss: 435.25 (RMD: 4.0057, RTD: 0.6938) | Masked: 12.11%
Epoch 41/50 - Loss: 431.51 (RMD: 3.9689, RTD: 0.6924) | Masked: 11.98%
\DATE finishing... after 12.825 mn
DATE --> AUC: 0.4934 | FPR@95: 0.9989 | AP: 0.0989

+++++++++++++++++++++ run : 2 / 3 +++++++++++++++++

torch.Size([5000, 256, 768])
Epoch 50/100 - Loss: 0.0084
Epoch 100/100 - Loss: 0.0091

RSRAE finishing... after 6.977 mn
RSRAE --> AUC: 0.8226 | FPR@95: 0.4753 | AP: 0.2460

Training sur 36000 samples, 71 batches
K=50 masks, ratio=0.5, seq_len=256
Epoch 1/50 - Loss: 544.99 (RMD: 5.1225, RTD: 0.6548) | Masked: 11.99%
Epoch 11/50 - Loss: 448.50 (RMD: 4.1379, RTD: 0.6941) | Masked: 12.24%
Epoch 21/50 - Loss: 433.55 (RMD: 3.9889, RTD: 0.6933) | Masked: 12.28%
Epoch 31/50 - Loss: 435.25 (RMD: 4.0057, RTD: 0.6938) | Masked: 12.11%
Epoch 41/50 - Loss: 431.51 (RMD: 3.9689, RTD: 0.6924) | Masked: 11.98%
\DATE finishing... after 12.913 mn
DATE --> AUC: 0.4956 | FPR@95: 0.9987 | AP: 0.0992

+++++++++++++++++++++ run : 3 / 3 +++++++++++++++++

torch.Size([5000, 256, 768])
Epoch 50/100 - Loss: 0.0084
Epoch 100/100 - Loss: 0.0091

RSRAE finishing... after 6.806 mn
RSRAE --> AUC: 0.8305 | FPR@95: 0.4893 | AP: 0.2564

Training sur 36000 samples, 71 batches
K=50 masks, ratio=0.5, seq_len=256
Epoch 1/50 - Loss: 544.99 (RMD: 5.1225, RTD: 0.6548) | Masked: 11.99%
Epoch 11/50 - Loss: 448.50 (RMD: 4.1379, RTD: 0.6941) | Masked: 12.24%
Epoch 21/50 - Loss: 433.55 (RMD: 3.9889, RTD: 0.6933) | Masked: 12.28%
Epoch 31/50 - Loss: 435.25 (RMD: 4.0057, RTD: 0.6938) | Masked: 12.11%
Epoch 41/50 - Loss: 431.51 (RMD: 3.9689, RTD: 0.6924) | Masked: 11.98%
\DATE finishing... after 12.873 mn
DATE --> AUC: 0.4952 | FPR@95: 0.9991 | AP: 0.0992

Résultats mis à jour pour (dbpedia14, Artist, bert, RSRAE, nu=0.0).
Résultats existants non modifiés pour (dbpedia14, Artist, bert, DATE, nu=0.0).
