Job ID: 1969680

<<<<<<<<<<<<<< sst2 >>>>>>>>>>>>>>>>>>>

------------------------ negative(1/1) -----------------------------
st5_large_embedding
torch.Size([29779, 768])
+++++++++++++++++++++ run : 1 / 4 +++++++++++++++++

st5_large_embedding
torch.Size([428, 768])

Epoch 1/350
Train Loss: 0.0108, LR: 0.000007
tensor(0.9996, device='cuda:0', grad_fn=<ExpBackward0>)

Epoch 117/350
Train Loss: 0.0015, LR: 0.000775
tensor(0.2685, device='cuda:0', grad_fn=<ExpBackward0>)

Epoch 233/350
Train Loss: 0.0015, LR: 0.000639
tensor(0.1845, device='cuda:0', grad_fn=<ExpBackward0>)

Epoch 349/350
Train Loss: 0.0014, LR: 0.000000
tensor(0.1698, device='cuda:0', grad_fn=<ExpBackward0>)

FM Transformer finishing... after 13.842 mn
AUC:        0.6178
Avg Precision: 0.1535
FPR@95:     0.7150
FM --> AUC: 0.6178 | FPR@95: 0.7150 | AP: 0.1535

+++++++++++++++++++++ run : 2 / 4 +++++++++++++++++

st5_large_embedding
torch.Size([428, 768])

Epoch 1/350
Train Loss: 0.0108, LR: 0.000007
tensor(0.9996, device='cuda:0', grad_fn=<ExpBackward0>)

Epoch 117/350
Train Loss: 0.0015, LR: 0.000775
tensor(0.2686, device='cuda:0', grad_fn=<ExpBackward0>)

Epoch 233/350
Train Loss: 0.0015, LR: 0.000639
tensor(0.1855, device='cuda:0', grad_fn=<ExpBackward0>)

Epoch 349/350
Train Loss: 0.0015, LR: 0.000000
tensor(0.1703, device='cuda:0', grad_fn=<ExpBackward0>)

FM Transformer finishing... after 13.264 mn
AUC:        0.6256
Avg Precision: 0.1281
FPR@95:     0.7513
FM --> AUC: 0.6256 | FPR@95: 0.7513 | AP: 0.1281

+++++++++++++++++++++ run : 3 / 4 +++++++++++++++++

st5_large_embedding
torch.Size([428, 768])

Epoch 1/350
Train Loss: 0.0108, LR: 0.000007
tensor(0.9996, device='cuda:0', grad_fn=<ExpBackward0>)

Epoch 117/350
Train Loss: 0.0015, LR: 0.000775
tensor(0.2685, device='cuda:0', grad_fn=<ExpBackward0>)

Epoch 233/350
Train Loss: 0.0015, LR: 0.000639
tensor(0.1841, device='cuda:0', grad_fn=<ExpBackward0>)

Epoch 349/350
Train Loss: 0.0014, LR: 0.000000
tensor(0.1699, device='cuda:0', grad_fn=<ExpBackward0>)

FM Transformer finishing... after 13.168 mn
AUC:        0.6039
Avg Precision: 0.1345
FPR@95:     0.8964
FM --> AUC: 0.6039 | FPR@95: 0.8964 | AP: 0.1345

+++++++++++++++++++++ run : 4 / 4 +++++++++++++++++

st5_large_embedding
torch.Size([428, 768])

Epoch 1/350
Train Loss: 0.0108, LR: 0.000007
tensor(0.9996, device='cuda:0', grad_fn=<ExpBackward0>)

Epoch 117/350
Train Loss: 0.0015, LR: 0.000775
tensor(0.2685, device='cuda:0', grad_fn=<ExpBackward0>)

Epoch 233/350
Train Loss: 0.0015, LR: 0.000639
tensor(0.1843, device='cuda:0', grad_fn=<ExpBackward0>)

Epoch 349/350
Train Loss: 0.0014, LR: 0.000000
tensor(0.1701, device='cuda:0', grad_fn=<ExpBackward0>)

FM Transformer finishing... after 13.355 mn
AUC:        0.5978
Avg Precision: 0.1408
FPR@95:     0.8705
FM --> AUC: 0.5978 | FPR@95: 0.8705 | AP: 0.1408

negative 0.6112755983222304 0.8082901554404145 0.13921727815744925
Nouveaux résultats ajoutés pour (sst2, negative, st5, flow-matching-Transformers-Comp, nu=0.0).
Hyperparameters appended to /home/2017025/ayouce01/Textual-Anomaly-Detection-Framework/Anomaly Detection Framework/Results/hyperparameters/fmt_toksen/hyper.txt
