Working directory: /home/2017025/ayouce01/Textual-Anomaly-Detection-Framework/Anomaly Detection Framework
Job ID: 1952566
Timestamp: 

<<<<<<<<<<<<<< agnews >>>>>>>>>>>>>>>>>>>

------------------------ Sports(1/1) -----------------------------
torch.Size([27000, 256, 768])
+++++++++++++++++++++ run : 1 / 10 +++++++++++++++++

torch.Size([1900, 256, 768])
Training sur 27000 samples, 211 batches
K=20 masks, ratio=0.5, seq_len=300
Epoch 1/30 - Loss: 376.76 (RMD: 3.5951, RTD: 0.3449) | Masked: 8.59%
Epoch 7/30 - Loss: 317.26 (RMD: 3.0541, RTD: 0.2369) | Masked: 8.46%
Epoch 13/30 - Loss: 328.90 (RMD: 3.0483, RTD: 0.4813) | Masked: 8.62%
Epoch 19/30 - Loss: 331.80 (RMD: 3.0382, RTD: 0.5595) | Masked: 8.63%
Epoch 25/30 - Loss: 337.83 (RMD: 3.0355, RTD: 0.6856) | Masked: 8.50%
\DATE finishing... after 7.976 mn
DATE --> AUC: 0.4939 | FPR@95: 0.9497 | AP: 0.1188

+++++++++++++++++++++ run : 2 / 10 +++++++++++++++++

torch.Size([1900, 256, 768])
Training sur 27000 samples, 211 batches
K=20 masks, ratio=0.5, seq_len=300
Epoch 1/30 - Loss: 382.14 (RMD: 3.6333, RTD: 0.3762) | Masked: 8.39%
Epoch 7/30 - Loss: 343.68 (RMD: 3.1138, RTD: 0.6461) | Masked: 8.29%
Epoch 13/30 - Loss: 339.59 (RMD: 3.0513, RTD: 0.6893) | Masked: 8.49%
Epoch 19/30 - Loss: 336.15 (RMD: 3.0149, RTD: 0.6933) | Masked: 8.47%
Epoch 25/30 - Loss: 338.41 (RMD: 3.0376, RTD: 0.6929) | Masked: 8.33%
\DATE finishing... after 7.909 mn
DATE --> AUC: 0.5191 | FPR@95: 0.9421 | AP: 0.1046

+++++++++++++++++++++ run : 3 / 10 +++++++++++++++++

torch.Size([1900, 256, 768])
Training sur 27000 samples, 211 batches
K=20 masks, ratio=0.5, seq_len=300
Epoch 1/30 - Loss: 380.95 (RMD: 3.6096, RTD: 0.3999) | Masked: 8.63%
