Job ID: 1952703

<<<<<<<<<<<<<< imdb >>>>>>>>>>>>>>>>>>>

------------------------ positive(1/2) -----------------------------
torch.Size([12500, 256, 768])
+++++++++++++++++++++ run : 1 / 5 +++++++++++++++++

torch.Size([12500, 256, 768])

TCCM finishing... after 0.327 mn
TCCM --> AUC: 0.5193 | FPR@95: 0.9016 | AP: 0.1001

+++++++++++++++++++++ run : 2 / 5 +++++++++++++++++

torch.Size([12500, 256, 768])

TCCM finishing... after 0.298 mn
TCCM --> AUC: 0.5168 | FPR@95: 0.9163 | AP: 0.0996

+++++++++++++++++++++ run : 3 / 5 +++++++++++++++++

torch.Size([12500, 256, 768])

TCCM finishing... after 0.321 mn
TCCM --> AUC: 0.5253 | FPR@95: 0.9125 | AP: 0.1010

+++++++++++++++++++++ run : 4 / 5 +++++++++++++++++

torch.Size([12500, 256, 768])

TCCM finishing... after 0.331 mn
TCCM --> AUC: 0.4986 | FPR@95: 0.9262 | AP: 0.0953

+++++++++++++++++++++ run : 5 / 5 +++++++++++++++++

torch.Size([12500, 256, 768])

TCCM finishing... after 0.323 mn
TCCM --> AUC: 0.5382 | FPR@95: 0.8995 | AP: 0.1041

Nouveaux résultats ajoutés pour (imdb, positive, bert, TCCM, nu=0.0).
------------------------ negative(2/2) -----------------------------
torch.Size([12500, 256, 768])
+++++++++++++++++++++ run : 1 / 5 +++++++++++++++++

torch.Size([12500, 256, 768])

TCCM finishing... after 0.296 mn
TCCM --> AUC: 0.6645 | FPR@95: 0.8460 | AP: 0.1670

+++++++++++++++++++++ run : 2 / 5 +++++++++++++++++

torch.Size([12500, 256, 768])

TCCM finishing... after 0.295 mn
TCCM --> AUC: 0.6626 | FPR@95: 0.8313 | AP: 0.1581

+++++++++++++++++++++ run : 3 / 5 +++++++++++++++++

torch.Size([12500, 256, 768])

TCCM finishing... after 0.293 mn
TCCM --> AUC: 0.6607 | FPR@95: 0.8495 | AP: 0.1576

+++++++++++++++++++++ run : 4 / 5 +++++++++++++++++

