Working directory: /home/2017025/ayouce01/Textual-Anomaly-Detection-Framework/Anomaly Detection Framework
Job ID: 1952580
Timestamp: 

<<<<<<<<<<<<<< imdb >>>>>>>>>>>>>>>>>>>

------------------------ positive(1/1) -----------------------------
torch.Size([12500, 256, 768])
+++++++++++++++++++++ run : 1 / 10 +++++++++++++++++

torch.Size([12500, 256, 768])

Epoch 1/100
Train Loss: 0.0101, LR: 0.000032
tensor(0.9992, device='cuda:0', grad_fn=<ExpBackward0>)

Epoch 34/100
Train Loss: 0.0049, LR: 0.000995
tensor(0.6875, device='cuda:0', grad_fn=<ExpBackward0>)

Epoch 67/100
Train Loss: 0.0024, LR: 0.000478
tensor(0.4860, device='cuda:0', grad_fn=<ExpBackward0>)

Epoch 100/100
Train Loss: 0.0021, LR: 0.000001
tensor(0.4532, device='cuda:0', grad_fn=<ExpBackward0>)

FM Transformer finishing... after 48.854 mn
AUC:        0.4853
Avg Precision: 0.0942
FPR@95:     0.9421
FM --> AUC: 0.4853 | FPR@95: 0.9421 | AP: 0.0942

+++++++++++++++++++++ run : 2 / 10 +++++++++++++++++

torch.Size([12500, 256, 768])

Epoch 1/100
Train Loss: 0.0101, LR: 0.000032
tensor(0.9992, device='cuda:0', grad_fn=<ExpBackward0>)
