Job ID: 1969638
Running topic: World

<<<<<<<<<<<<<< agnews >>>>>>>>>>>>>>>>>>>

------------------------ World(1/1) -----------------------------
st5_large_embedding
torch.Size([27000, 768])
+++++++++++++++++++++ run : 1 / 5 +++++++++++++++++

st5_large_embedding
torch.Size([1900, 768])

Epoch 1/350
Train Loss: 0.0107, LR: 0.000007
tensor(0.9996, device='cuda:0', grad_fn=<ExpBackward0>)

Epoch 117/350
Train Loss: 0.0014, LR: 0.000775
tensor(0.2726, device='cuda:0', grad_fn=<ExpBackward0>)

Epoch 233/350
Train Loss: 0.0012, LR: 0.000639
tensor(0.1715, device='cuda:0', grad_fn=<ExpBackward0>)

Epoch 349/350
Train Loss: 0.0012, LR: 0.000000
tensor(0.1570, device='cuda:0', grad_fn=<ExpBackward0>)

FM Transformer finishing... after 12.891 mn
AUC:        0.9146
Avg Precision: 0.5661
FPR@95:     0.3526
FM --> AUC: 0.9146 | FPR@95: 0.3526 | AP: 0.5661

+++++++++++++++++++++ run : 2 / 5 +++++++++++++++++

st5_large_embedding
torch.Size([1900, 768])

Epoch 1/350
Train Loss: 0.0107, LR: 0.000007
tensor(0.9996, device='cuda:0', grad_fn=<ExpBackward0>)

Epoch 117/350
Train Loss: 0.0014, LR: 0.000775
tensor(0.2726, device='cuda:0', grad_fn=<ExpBackward0>)

Epoch 233/350
Train Loss: 0.0012, LR: 0.000639
tensor(0.1698, device='cuda:0', grad_fn=<ExpBackward0>)

Epoch 349/350
Train Loss: 0.0012, LR: 0.000000
tensor(0.1561, device='cuda:0', grad_fn=<ExpBackward0>)

FM Transformer finishing... after 12.934 mn
AUC:        0.9139
Avg Precision: 0.5352
FPR@95:     0.3187
FM --> AUC: 0.9139 | FPR@95: 0.3187 | AP: 0.5352

+++++++++++++++++++++ run : 3 / 5 +++++++++++++++++

st5_large_embedding
torch.Size([1900, 768])

Epoch 1/350
Train Loss: 0.0107, LR: 0.000007
tensor(0.9996, device='cuda:0', grad_fn=<ExpBackward0>)

Epoch 117/350
Train Loss: 0.0014, LR: 0.000775
tensor(0.2726, device='cuda:0', grad_fn=<ExpBackward0>)

Epoch 233/350
Train Loss: 0.0012, LR: 0.000639
tensor(0.1694, device='cuda:0', grad_fn=<ExpBackward0>)

Epoch 349/350
Train Loss: 0.0012, LR: 0.000000
tensor(0.1561, device='cuda:0', grad_fn=<ExpBackward0>)

FM Transformer finishing... after 12.934 mn
AUC:        0.9209
Avg Precision: 0.5957
FPR@95:     0.3064
FM --> AUC: 0.9209 | FPR@95: 0.3064 | AP: 0.5957

+++++++++++++++++++++ run : 4 / 5 +++++++++++++++++

st5_large_embedding
torch.Size([1900, 768])

Epoch 1/350
Train Loss: 0.0107, LR: 0.000007
tensor(0.9996, device='cuda:0', grad_fn=<ExpBackward0>)

Epoch 117/350
Train Loss: 0.0014, LR: 0.000775
tensor(0.2726, device='cuda:0', grad_fn=<ExpBackward0>)

Epoch 233/350
Train Loss: 0.0012, LR: 0.000639
tensor(0.1693, device='cuda:0', grad_fn=<ExpBackward0>)

Epoch 349/350
Train Loss: 0.0012, LR: 0.000000
tensor(0.1560, device='cuda:0', grad_fn=<ExpBackward0>)

FM Transformer finishing... after 12.960 mn
AUC:        0.9208
Avg Precision: 0.5427
FPR@95:     0.2626
FM --> AUC: 0.9208 | FPR@95: 0.2626 | AP: 0.5427

+++++++++++++++++++++ run : 5 / 5 +++++++++++++++++

st5_large_embedding
torch.Size([1900, 768])

Epoch 1/350
Train Loss: 0.0107, LR: 0.000007
tensor(0.9996, device='cuda:0', grad_fn=<ExpBackward0>)

Epoch 117/350
Train Loss: 0.0014, LR: 0.000775
tensor(0.2725, device='cuda:0', grad_fn=<ExpBackward0>)

Epoch 233/350
Train Loss: 0.0012, LR: 0.000639
tensor(0.1691, device='cuda:0', grad_fn=<ExpBackward0>)

Epoch 349/350
Train Loss: 0.0012, LR: 0.000000
tensor(0.1560, device='cuda:0', grad_fn=<ExpBackward0>)

FM Transformer finishing... after 12.860 mn
AUC:        0.9163
Avg Precision: 0.6132
FPR@95:     0.3977
FM --> AUC: 0.9163 | FPR@95: 0.3977 | AP: 0.6132

World 0.9172951677439212 0.32760233918128656 0.5705742315608165
Nouveaux résultats ajoutés pour (agnews, World, st5, flow-matching-Transformers-Comp, nu=0.0).
Hyperparameters appended to /home/2017025/ayouce01/Textual-Anomaly-Detection-Framework/Anomaly Detection Framework/Results/hyperparameters/fmt_toksen/hyper.txt
