Working directory: /home/2017025/ayouce01/Textual-Anomaly-Detection-Framework/Anomaly Detection Framework
Job ID: 1952564
Timestamp: 

<<<<<<<<<<<<<< agnews >>>>>>>>>>>>>>>>>>>

------------------------ World(1/1) -----------------------------
torch.Size([27000, 256, 768])
+++++++++++++++++++++ run : 1 / 10 +++++++++++++++++

torch.Size([1900, 256, 768])
Training sur 27000 samples, 211 batches
K=20 masks, ratio=0.5, seq_len=300
Epoch 1/30 - Loss: 393.94 (RMD: 3.5924, RTD: 0.6939) | Masked: 8.52%
Epoch 7/30 - Loss: 342.35 (RMD: 3.0765, RTD: 0.6940) | Masked: 8.88%
Epoch 13/30 - Loss: 348.75 (RMD: 3.1402, RTD: 0.6945) | Masked: 8.61%
Epoch 19/30 - Loss: 337.28 (RMD: 3.0258, RTD: 0.6939) | Masked: 8.81%
Epoch 25/30 - Loss: 338.06 (RMD: 3.0338, RTD: 0.6936) | Masked: 8.67%
\DATE finishing... after 7.975 mn
DATE --> AUC: 0.5032 | FPR@95: 0.9649 | AP: 0.1039

+++++++++++++++++++++ run : 2 / 10 +++++++++++++++++

torch.Size([1900, 256, 768])
Training sur 27000 samples, 211 batches
K=20 masks, ratio=0.5, seq_len=300
Epoch 1/30 - Loss: 378.81 (RMD: 3.6009, RTD: 0.3743) | Masked: 8.60%
Epoch 7/30 - Loss: 344.88 (RMD: 3.1017, RTD: 0.6941) | Masked: 8.63%
Epoch 13/30 - Loss: 338.85 (RMD: 3.0417, RTD: 0.6935) | Masked: 8.61%
Epoch 19/30 - Loss: 336.16 (RMD: 3.0149, RTD: 0.6933) | Masked: 8.75%
Epoch 25/30 - Loss: 337.08 (RMD: 3.0241, RTD: 0.6935) | Masked: 8.59%
\DATE finishing... after 8.005 mn
DATE --> AUC: 0.4803 | FPR@95: 0.9450 | AP: 0.0952

+++++++++++++++++++++ run : 3 / 10 +++++++++++++++++

torch.Size([1900, 256, 768])
Training sur 27000 samples, 211 batches
K=20 masks, ratio=0.5, seq_len=300
Epoch 1/30 - Loss: 373.59 (RMD: 3.5166, RTD: 0.4385) | Masked: 8.34%
