/home/2017025/ayouce01/Textual-Anomaly-Detection-Framework/Anomaly Detection Framework/run_indep_anom.py:345: SyntaxWarning: invalid escape sequence '\C'
  print(f"\CVDD finishing... after {(tiic-taac)/60:.3f} mn")
/home/2017025/ayouce01/Textual-Anomaly-Detection-Framework/Anomaly Detection Framework/run_indep_anom.py:380: SyntaxWarning: invalid escape sequence '\D'
  print(f"\DATE finishing... after {(tiic-taac)/60:.3f} mn")
2026-01-08 18:15:25.390422: I tensorflow/core/platform/cpu_feature_guard.cc:210] This TensorFlow binary is optimized to use available CPU instructions in performance-critical operations.
To enable the following instructions: AVX2 FMA, in other operations, rebuild TensorFlow with the appropriate compiler flags.
BertForMaskedLM has generative capabilities, as `prepare_inputs_for_generation` is explicitly overwritten. However, it doesn't directly inherit from `GenerationMixin`. From 👉v4.50👈 onwards, `PreTrainedModel` will NOT inherit from `GenerationMixin`, and this model will lose the ability to call `generate` and other related functions.
  - If you're using `trust_remote_code=True`, you can get rid of this warning by loading the model with an auto class. See https://huggingface.co/docs/transformers/en/model_doc/auto#auto-classes
  - If you are the owner of the model architecture code, please modify your model class such that it inherits from `GenerationMixin` (after `PreTrainedModel`, otherwise you'll get an exception).
  - If you are not the owner of the model architecture class, please contact the model code owner to update it.
------------------------ earn(1/7) -----------------------------
 Embedding : sentence_bert --> torch.Size([2556, 768])
{'batch_size': 64, 'latent_dim': 256, 'sinu': False, 'batchnorm': False, 'dropout': 0.1, 'lr': 1e-05, 'weight_decay': 1e-05, 'n_epochs': 100, 'source': 'sphere-noised', 'target': 'torch.Size([2556, 384])'}
+++++++++++++++++++++ run : 1 +++++++++++++++++

Traceback (most recent call last):
  File "/home/2017025/ayouce01/Textual-Anomaly-Detection-Framework/Anomaly Detection Framework/run_indep_anom.py", line 561, in <module>
    main(args)
  File "/home/2017025/ayouce01/Textual-Anomaly-Detection-Framework/Anomaly Detection Framework/run_indep_anom.py", line 378, in main
    date_model.train(data_train)
  File "/home/2017025/ayouce01/Textual-Anomaly-Detection-Framework/Anomaly Detection Framework/Modelisation/Baselines/DATE/date.py", line 216, in train
    if epoch % (self.n_epochs // 3 ) == 0 :
       ~~~~~~^~~~~~~~~~~~~~~~~~~~~~~
ZeroDivisionError: integer modulo by zero
srun: Job step aborted: Waiting up to 32 seconds for job step to finish.
slurmstepd: error: *** STEP 1588805.0 ON c23gpu2 CANCELLED AT 2026-01-08T18:15:52 ***
