Job ID: 1956487

<<<<<<<<<<<<<< dbpedia14 >>>>>>>>>>>>>>>>>>>

------------------------ Office Holder(1/1) -----------------------------
torch.Size([25000, 256, 768])
+++++++++++++++++++++ run : 1 / 3 +++++++++++++++++

torch.Size([5000, 256, 768])
Epoch 50/100 - Loss: 0.0072
Epoch 100/100 - Loss: 0.0076

RSRAE finishing... after 6.776 mn
RSRAE --> AUC: 0.9147 | FPR@95: 0.2078 | AP: 0.3975

Training sur 36000 samples, 71 batches
K=50 masks, ratio=0.5, seq_len=256
Epoch 1/50 - Loss: 541.14 (RMD: 5.2244, RTD: 0.3740) | Masked: 11.95%
Epoch 11/50 - Loss: 421.24 (RMD: 4.1357, RTD: 0.1534) | Masked: 12.21%
Epoch 21/50 - Loss: 405.99 (RMD: 3.9941, RTD: 0.1316) | Masked: 12.25%
Epoch 31/50 - Loss: 406.68 (RMD: 4.0092, RTD: 0.1153) | Masked: 12.07%
Epoch 41/50 - Loss: 432.10 (RMD: 3.9745, RTD: 0.6931) | Masked: 11.93%
\DATE finishing... after 12.831 mn
DATE --> AUC: 0.4872 | FPR@95: 0.9993 | AP: 0.0970

+++++++++++++++++++++ run : 2 / 3 +++++++++++++++++

torch.Size([5000, 256, 768])
Epoch 50/100 - Loss: 0.0072
Epoch 100/100 - Loss: 0.0076

RSRAE finishing... after 6.853 mn
RSRAE --> AUC: 0.9119 | FPR@95: 0.2129 | AP: 0.3978

Training sur 36000 samples, 71 batches
K=50 masks, ratio=0.5, seq_len=256
Epoch 1/50 - Loss: 541.14 (RMD: 5.2244, RTD: 0.3740) | Masked: 11.95%
Epoch 11/50 - Loss: 421.24 (RMD: 4.1357, RTD: 0.1534) | Masked: 12.21%
Epoch 21/50 - Loss: 405.99 (RMD: 3.9941, RTD: 0.1316) | Masked: 12.25%
Epoch 31/50 - Loss: 406.68 (RMD: 4.0092, RTD: 0.1153) | Masked: 12.07%
Epoch 41/50 - Loss: 432.10 (RMD: 3.9745, RTD: 0.6931) | Masked: 11.93%
\DATE finishing... after 12.853 mn
DATE --> AUC: 0.4853 | FPR@95: 0.9991 | AP: 0.0985

+++++++++++++++++++++ run : 3 / 3 +++++++++++++++++

torch.Size([5000, 256, 768])
Epoch 50/100 - Loss: 0.0072
Epoch 100/100 - Loss: 0.0076

RSRAE finishing... after 6.883 mn
RSRAE --> AUC: 0.9135 | FPR@95: 0.2127 | AP: 0.3925

Training sur 36000 samples, 71 batches
K=50 masks, ratio=0.5, seq_len=256
Epoch 1/50 - Loss: 541.14 (RMD: 5.2244, RTD: 0.3740) | Masked: 11.95%
Epoch 11/50 - Loss: 421.24 (RMD: 4.1357, RTD: 0.1534) | Masked: 12.21%
Epoch 21/50 - Loss: 405.99 (RMD: 3.9941, RTD: 0.1316) | Masked: 12.25%
Epoch 31/50 - Loss: 406.68 (RMD: 4.0092, RTD: 0.1153) | Masked: 12.07%
Epoch 41/50 - Loss: 432.10 (RMD: 3.9745, RTD: 0.6931) | Masked: 11.93%
\DATE finishing... after 12.811 mn
DATE --> AUC: 0.4968 | FPR@95: 0.9991 | AP: 0.1006

Résultats mis à jour pour (dbpedia14, Office Holder, bert, RSRAE, nu=0.0).
Résultats existants non modifiés pour (dbpedia14, Office Holder, bert, DATE, nu=0.0).
