Job ID: 1956735

<<<<<<<<<<<<<< dbpedia14 >>>>>>>>>>>>>>>>>>>

------------------------ Written Work(1/1) -----------------------------
torch.Size([25000, 256, 768])
+++++++++++++++++++++ run : 1 / 3 +++++++++++++++++

torch.Size([5000, 256, 768])
Training sur 36000 samples, 141 batches
K=50 masks, ratio=0.5, seq_len=256
Epoch 1/30 - Loss: 452.40 (RMD: 4.2784, RTD: 0.4913) | Masked: 12.07%
Epoch 7/30 - Loss: 405.69 (RMD: 3.9461, RTD: 0.2216) | Masked: 12.10%
Epoch 13/30 - Loss: 199.89 (RMD: 1.8774, RTD: 0.2429) | Masked: 12.08%
Epoch 19/30 - Loss: 95.94 (RMD: 0.8404, RTD: 0.2380) | Masked: 12.10%
Epoch 25/30 - Loss: 47.88 (RMD: 0.3634, RTD: 0.2310) | Masked: 12.02%
\DATE finishing... after 7.943 mn
DATE --> AUC: 0.6023 | FPR@95: 0.9362 | AP: 0.1612

+++++++++++++++++++++ run : 2 / 3 +++++++++++++++++

torch.Size([5000, 256, 768])
Training sur 36000 samples, 141 batches
K=50 masks, ratio=0.5, seq_len=256
Epoch 1/30 - Loss: 456.03 (RMD: 4.3206, RTD: 0.4795) | Masked: 11.90%
Epoch 7/30 - Loss: 400.50 (RMD: 3.8928, RTD: 0.2244) | Masked: 11.98%
Epoch 13/30 - Loss: 156.85 (RMD: 1.4483, RTD: 0.2404) | Masked: 12.22%
Epoch 19/30 - Loss: 74.69 (RMD: 0.6315, RTD: 0.2308) | Masked: 11.95%
Epoch 25/30 - Loss: 42.51 (RMD: 0.3128, RTD: 0.2246) | Masked: 12.13%
\DATE finishing... after 7.899 mn
DATE --> AUC: 0.6603 | FPR@95: 0.9169 | AP: 0.2112

+++++++++++++++++++++ run : 3 / 3 +++++++++++++++++

torch.Size([5000, 256, 768])
Training sur 36000 samples, 141 batches
K=50 masks, ratio=0.5, seq_len=256
Epoch 1/30 - Loss: 451.51 (RMD: 4.2700, RTD: 0.4902) | Masked: 12.22%
Epoch 7/30 - Loss: 407.75 (RMD: 3.9664, RTD: 0.2223) | Masked: 12.23%
Epoch 13/30 - Loss: 160.55 (RMD: 1.4873, RTD: 0.2363) | Masked: 12.17%
Epoch 19/30 - Loss: 73.48 (RMD: 0.6186, RTD: 0.2324) | Masked: 12.06%
Epoch 25/30 - Loss: 38.08 (RMD: 0.2669, RTD: 0.2279) | Masked: 12.10%
\DATE finishing... after 7.946 mn
DATE --> AUC: 0.7708 | FPR@95: 0.8056 | AP: 0.3448

Résultats existants non modifiés pour (dbpedia14, Written Work, bert, DATE, nu=0.0).
