Job ID: 1957106
Requested time: 

<<<<<<<<<<<<<< sst2 >>>>>>>>>>>>>>>>>>>

------------------------ positive(1/1) -----------------------------
torch.Size([37563, 256, 768])
+++++++++++++++++++++ run : 1 / 2 +++++++++++++++++

torch.Size([444, 256, 768])

Epoch 1/150
Train Loss: 0.0102, LR: 0.000020
tensor(0.9986, device='cuda:0', grad_fn=<ExpBackward0>)

Epoch 51/150
Train Loss: 0.0013, LR: 0.001000
tensor(0.3424, device='cuda:0', grad_fn=<ExpBackward0>)

Epoch 101/150
Train Loss: 0.0003, LR: 0.000500
tensor(0.1391, device='cuda:0', grad_fn=<ExpBackward0>)

FM Transformer finishing... after 35.880 mn
AUC:        0.6253
Avg Precision: 0.1609
FPR@95:     0.7950
FM --> AUC: 0.6253 | FPR@95: 0.7950 | AP: 0.1609

+++++++++++++++++++++ run : 2 / 2 +++++++++++++++++

torch.Size([444, 256, 768])

Epoch 1/150
Train Loss: 0.0102, LR: 0.000020
tensor(0.9986, device='cuda:0', grad_fn=<ExpBackward0>)

Epoch 51/150
Train Loss: 0.0013, LR: 0.001000
tensor(0.3424, device='cuda:0', grad_fn=<ExpBackward0>)

Epoch 101/150
Train Loss: 0.0003, LR: 0.000500
tensor(0.1391, device='cuda:0', grad_fn=<ExpBackward0>)

FM Transformer finishing... after 35.775 mn
AUC:        0.6410
Avg Precision: 0.1891
FPR@95:     0.9200
FM --> AUC: 0.6410 | FPR@95: 0.9200 | AP: 0.1891

positive 0.6331534090909091 0.8575 0.17499862488619988
Nouveaux résultats ajoutés pour (sst2, positive, bert, flow-matching-Transformers-Comp, nu=0.0).
