Job ID: 1956491

<<<<<<<<<<<<<< dbpedia14 >>>>>>>>>>>>>>>>>>>

------------------------ Village(1/1) -----------------------------
torch.Size([25000, 256, 768])
+++++++++++++++++++++ run : 1 / 3 +++++++++++++++++

torch.Size([5000, 256, 768])
Epoch 50/100 - Loss: 0.0033
Epoch 100/100 - Loss: 0.0029

RSRAE finishing... after 6.587 mn
RSRAE --> AUC: 0.9923 | FPR@95: 0.0173 | AP: 0.8812

Training sur 36000 samples, 71 batches
K=50 masks, ratio=0.5, seq_len=256
Epoch 1/50 - Loss: 524.37 (RMD: 5.1007, RTD: 0.2861) | Masked: 12.27%
Epoch 11/50 - Loss: 450.70 (RMD: 4.1576, RTD: 0.6988) | Masked: 12.54%
Epoch 21/50 - Loss: 423.71 (RMD: 3.8911, RTD: 0.6919) | Masked: 12.56%
Epoch 31/50 - Loss: 414.61 (RMD: 3.8005, RTD: 0.6913) | Masked: 12.38%
Epoch 41/50 - Loss: 438.59 (RMD: 4.0395, RTD: 0.6927) | Masked: 12.25%
\DATE finishing... after 12.813 mn
DATE --> AUC: 0.3700 | FPR@95: 1.0000 | AP: 0.0811

+++++++++++++++++++++ run : 2 / 3 +++++++++++++++++

torch.Size([5000, 256, 768])
Epoch 50/100 - Loss: 0.0033
Epoch 100/100 - Loss: 0.0029

RSRAE finishing... after 6.900 mn
RSRAE --> AUC: 0.9930 | FPR@95: 0.0162 | AP: 0.8880

Training sur 36000 samples, 71 batches
K=50 masks, ratio=0.5, seq_len=256
Epoch 1/50 - Loss: 524.37 (RMD: 5.1007, RTD: 0.2861) | Masked: 12.27%
Epoch 11/50 - Loss: 450.70 (RMD: 4.1576, RTD: 0.6988) | Masked: 12.54%
Epoch 21/50 - Loss: 423.71 (RMD: 3.8911, RTD: 0.6919) | Masked: 12.56%
Epoch 31/50 - Loss: 414.61 (RMD: 3.8005, RTD: 0.6913) | Masked: 12.38%
Epoch 41/50 - Loss: 438.59 (RMD: 4.0395, RTD: 0.6927) | Masked: 12.25%
\DATE finishing... after 12.847 mn
DATE --> AUC: 0.3548 | FPR@95: 1.0000 | AP: 0.0799

+++++++++++++++++++++ run : 3 / 3 +++++++++++++++++

torch.Size([5000, 256, 768])
Epoch 50/100 - Loss: 0.0033
Epoch 100/100 - Loss: 0.0029

RSRAE finishing... after 6.646 mn
RSRAE --> AUC: 0.9936 | FPR@95: 0.0142 | AP: 0.8979

Training sur 36000 samples, 71 batches
K=50 masks, ratio=0.5, seq_len=256
Epoch 1/50 - Loss: 524.37 (RMD: 5.1007, RTD: 0.2861) | Masked: 12.27%
Epoch 11/50 - Loss: 450.70 (RMD: 4.1576, RTD: 0.6988) | Masked: 12.54%
Epoch 21/50 - Loss: 423.71 (RMD: 3.8911, RTD: 0.6919) | Masked: 12.56%
Epoch 31/50 - Loss: 414.61 (RMD: 3.8005, RTD: 0.6913) | Masked: 12.38%
Epoch 41/50 - Loss: 438.59 (RMD: 4.0395, RTD: 0.6927) | Masked: 12.25%
\DATE finishing... after 12.849 mn
DATE --> AUC: 0.3543 | FPR@95: 1.0000 | AP: 0.0789

Résultats mis à jour pour (dbpedia14, Village, bert, RSRAE, nu=0.0).
Résultats existants non modifiés pour (dbpedia14, Village, bert, DATE, nu=0.0).
