Job ID: 1956497

<<<<<<<<<<<<<< dbpedia14 >>>>>>>>>>>>>>>>>>>

------------------------ Film(1/1) -----------------------------
torch.Size([25000, 256, 768])
+++++++++++++++++++++ run : 1 / 3 +++++++++++++++++

torch.Size([5000, 256, 768])
Epoch 50/100 - Loss: 0.0146
Epoch 100/100 - Loss: 0.0115

RSRAE finishing... after 6.797 mn
RSRAE --> AUC: 0.9028 | FPR@95: 0.2216 | AP: 0.3495

Training sur 36000 samples, 71 batches
K=50 masks, ratio=0.5, seq_len=256
Epoch 1/50 - Loss: 547.28 (RMD: 5.1468, RTD: 0.6522) | Masked: 11.68%
Epoch 11/50 - Loss: 448.32 (RMD: 4.1362, RTD: 0.6940) | Masked: 11.91%
Epoch 21/50 - Loss: 433.72 (RMD: 3.9906, RTD: 0.6933) | Masked: 11.96%
Epoch 31/50 - Loss: 435.39 (RMD: 4.0072, RTD: 0.6935) | Masked: 11.79%
Epoch 41/50 - Loss: 432.71 (RMD: 3.9808, RTD: 0.6926) | Masked: 11.66%
\DATE finishing... after 12.763 mn
DATE --> AUC: 0.5338 | FPR@95: 0.9251 | AP: 0.1108

+++++++++++++++++++++ run : 2 / 3 +++++++++++++++++

torch.Size([5000, 256, 768])
Epoch 50/100 - Loss: 0.0146
Epoch 100/100 - Loss: 0.0115

RSRAE finishing... after 6.852 mn
RSRAE --> AUC: 0.8977 | FPR@95: 0.2242 | AP: 0.3408

Training sur 36000 samples, 71 batches
K=50 masks, ratio=0.5, seq_len=256
Epoch 1/50 - Loss: 547.28 (RMD: 5.1468, RTD: 0.6522) | Masked: 11.68%
Epoch 11/50 - Loss: 448.32 (RMD: 4.1362, RTD: 0.6940) | Masked: 11.91%
Epoch 21/50 - Loss: 433.72 (RMD: 3.9906, RTD: 0.6933) | Masked: 11.96%
Epoch 31/50 - Loss: 435.39 (RMD: 4.0072, RTD: 0.6935) | Masked: 11.79%
Epoch 41/50 - Loss: 432.71 (RMD: 3.9808, RTD: 0.6926) | Masked: 11.66%
\DATE finishing... after 12.851 mn
DATE --> AUC: 0.5162 | FPR@95: 0.9869 | AP: 0.1086

+++++++++++++++++++++ run : 3 / 3 +++++++++++++++++

torch.Size([5000, 256, 768])
Epoch 50/100 - Loss: 0.0146
Epoch 100/100 - Loss: 0.0115

RSRAE finishing... after 6.803 mn
RSRAE --> AUC: 0.9037 | FPR@95: 0.2113 | AP: 0.3511

Training sur 36000 samples, 71 batches
K=50 masks, ratio=0.5, seq_len=256
Epoch 1/50 - Loss: 547.28 (RMD: 5.1468, RTD: 0.6522) | Masked: 11.68%
Epoch 11/50 - Loss: 448.32 (RMD: 4.1362, RTD: 0.6940) | Masked: 11.91%
Epoch 21/50 - Loss: 433.72 (RMD: 3.9906, RTD: 0.6933) | Masked: 11.96%
Epoch 31/50 - Loss: 435.39 (RMD: 4.0072, RTD: 0.6935) | Masked: 11.79%
Epoch 41/50 - Loss: 432.71 (RMD: 3.9808, RTD: 0.6926) | Masked: 11.66%
\DATE finishing... after 12.918 mn
DATE --> AUC: 0.5437 | FPR@95: 0.9871 | AP: 0.1125

Résultats mis à jour pour (dbpedia14, Film, bert, RSRAE, nu=0.0).
Résultats existants non modifiés pour (dbpedia14, Film, bert, DATE, nu=0.0).
