Job ID: 1956492

<<<<<<<<<<<<<< dbpedia14 >>>>>>>>>>>>>>>>>>>

------------------------ Animal(1/1) -----------------------------
torch.Size([25000, 256, 768])
+++++++++++++++++++++ run : 1 / 3 +++++++++++++++++

torch.Size([5000, 256, 768])
Epoch 50/100 - Loss: 0.0041
Epoch 100/100 - Loss: 0.0041

RSRAE finishing... after 7.051 mn
RSRAE --> AUC: 0.9773 | FPR@95: 0.0833 | AP: 0.8033

Training sur 36000 samples, 71 batches
K=50 masks, ratio=0.5, seq_len=256
Epoch 1/50 - Loss: 544.13 (RMD: 5.1211, RTD: 0.6404) | Masked: 9.37%
Epoch 11/50 - Loss: 450.51 (RMD: 4.1581, RTD: 0.6941) | Masked: 9.60%
Epoch 21/50 - Loss: 435.62 (RMD: 4.0095, RTD: 0.6935) | Masked: 9.66%
Epoch 31/50 - Loss: 436.14 (RMD: 4.0146, RTD: 0.6936) | Masked: 9.48%
Epoch 41/50 - Loss: 432.16 (RMD: 3.9754, RTD: 0.6924) | Masked: 9.40%
\DATE finishing... after 12.893 mn
DATE --> AUC: 0.3839 | FPR@95: 0.9973 | AP: 0.0806

+++++++++++++++++++++ run : 2 / 3 +++++++++++++++++

torch.Size([5000, 256, 768])
Epoch 50/100 - Loss: 0.0041
Epoch 100/100 - Loss: 0.0041

RSRAE finishing... after 7.323 mn
RSRAE --> AUC: 0.9772 | FPR@95: 0.0976 | AP: 0.7920

Training sur 36000 samples, 71 batches
K=50 masks, ratio=0.5, seq_len=256
Epoch 1/50 - Loss: 544.13 (RMD: 5.1211, RTD: 0.6404) | Masked: 9.37%
Epoch 11/50 - Loss: 450.51 (RMD: 4.1581, RTD: 0.6941) | Masked: 9.60%
Epoch 21/50 - Loss: 435.62 (RMD: 4.0095, RTD: 0.6935) | Masked: 9.66%
Epoch 31/50 - Loss: 436.14 (RMD: 4.0146, RTD: 0.6936) | Masked: 9.48%
Epoch 41/50 - Loss: 432.16 (RMD: 3.9754, RTD: 0.6924) | Masked: 9.40%
\DATE finishing... after 12.838 mn
DATE --> AUC: 0.3950 | FPR@95: 0.9973 | AP: 0.0826

+++++++++++++++++++++ run : 3 / 3 +++++++++++++++++

torch.Size([5000, 256, 768])
Epoch 50/100 - Loss: 0.0041
Epoch 100/100 - Loss: 0.0041

RSRAE finishing... after 6.646 mn
RSRAE --> AUC: 0.9835 | FPR@95: 0.0391 | AP: 0.8240

Training sur 36000 samples, 71 batches
K=50 masks, ratio=0.5, seq_len=256
Epoch 1/50 - Loss: 544.13 (RMD: 5.1211, RTD: 0.6404) | Masked: 9.37%
Epoch 11/50 - Loss: 450.51 (RMD: 4.1581, RTD: 0.6941) | Masked: 9.60%
Epoch 21/50 - Loss: 435.62 (RMD: 4.0095, RTD: 0.6935) | Masked: 9.66%
Epoch 31/50 - Loss: 436.14 (RMD: 4.0146, RTD: 0.6936) | Masked: 9.48%
Epoch 41/50 - Loss: 432.16 (RMD: 3.9754, RTD: 0.6924) | Masked: 9.40%
\DATE finishing... after 12.786 mn
DATE --> AUC: 0.3748 | FPR@95: 0.9964 | AP: 0.0792

Résultats mis à jour pour (dbpedia14, Animal, bert, RSRAE, nu=0.0).
Résultats existants non modifiés pour (dbpedia14, Animal, bert, DATE, nu=0.0).
