Job ID: 1956677

<<<<<<<<<<<<<< dbpedia14 >>>>>>>>>>>>>>>>>>>

------------------------ Written Work(1/1) -----------------------------
torch.Size([25000, 256, 768])
+++++++++++++++++++++ run : 1 / 3 +++++++++++++++++

torch.Size([5000, 256, 768])
Training sur 36000 samples, 141 batches
K=50 masks, ratio=0.5, seq_len=256
Epoch 1/30 - Loss: 516.83 (RMD: 4.9962, RTD: 0.3441) | Masked: 12.15%
Epoch 7/30 - Loss: 423.70 (RMD: 4.1297, RTD: 0.2147) | Masked: 11.96%
Epoch 13/30 - Loss: 440.55 (RMD: 4.0590, RTD: 0.6929) | Masked: 11.95%
Epoch 19/30 - Loss: 433.96 (RMD: 3.9929, RTD: 0.6934) | Masked: 12.12%
Epoch 25/30 - Loss: 431.70 (RMD: 3.9705, RTD: 0.6930) | Masked: 12.00%
\DATE finishing... after 7.882 mn
DATE --> AUC: 0.5472 | FPR@95: 0.8536 | AP: 0.1039

+++++++++++++++++++++ run : 2 / 3 +++++++++++++++++

torch.Size([5000, 256, 768])
Training sur 36000 samples, 141 batches
K=50 masks, ratio=0.5, seq_len=256
Epoch 1/30 - Loss: 517.46 (RMD: 4.9839, RTD: 0.3814) | Masked: 12.17%
