Working directory: /home/2017025/ayouce01/Textual-Anomaly-Detection-Framework/Anomaly Detection Framework
Job ID: 1590150
Timestamp: 20260109_114841
/home/2017025/ayouce01/Textual-Anomaly-Detection-Framework/Anomaly Detection Framework/run_indep_anom.py:345: SyntaxWarning: invalid escape sequence '\C'
  print(f"\CVDD finishing... after {(tiic-taac)/60:.3f} mn")
/home/2017025/ayouce01/Textual-Anomaly-Detection-Framework/Anomaly Detection Framework/run_indep_anom.py:382: SyntaxWarning: invalid escape sequence '\D'
  print(f"\DATE finishing... after {(tiic-taac)/60:.3f} mn")
2026-01-09 11:48:53.949766: I tensorflow/core/platform/cpu_feature_guard.cc:210] This TensorFlow binary is optimized to use available CPU instructions in performance-critical operations.
To enable the following instructions: AVX2 FMA, in other operations, rebuild TensorFlow with the appropriate compiler flags.
------------------------ computer(1/6) -----------------------------
 Embedding : sentence_bert --> torch.Size([2576, 768])
{'batch_size': 64, 'latent_dim': 256, 'sinu': False, 'batchnorm': False, 'dropout': 0.1, 'lr': 0.0001, 'weight_decay': 1e-06, 'n_epochs': 50, 'source': 'sphere', 'target': 'torch.Size([2576, 384])'}
+++++++++++++++++++++ run : 1 +++++++++++++++++

Epoch 1/50 - Loss: 364.5241
Epoch 17/50 - Loss: 364.8555
Epoch 33/50 - Loss: 362.7470
Epoch 49/50 - Loss: 351.2256
\DATE finishing... after 10.004 mn
DATE --> AUC: 0.8144 | FPR@95: 0.3043 | AP: 0.7219

+++++++++++++++++++++ run : 2 +++++++++++++++++

Epoch 1/50 - Loss: 370.9914
Epoch 17/50 - Loss: 362.6877
Epoch 33/50 - Loss: 358.0192
Epoch 49/50 - Loss: 357.1904
\DATE finishing... after 9.958 mn
DATE --> AUC: 0.8334 | FPR@95: 0.3222 | AP: 0.5451

+++++++++++++++++++++ run : 3 +++++++++++++++++

Epoch 1/50 - Loss: 370.7945
Epoch 17/50 - Loss: 361.4655
Epoch 33/50 - Loss: 349.5506
Epoch 49/50 - Loss: 352.9796
\DATE finishing... after 9.976 mn
DATE --> AUC: 0.8468 | FPR@95: 0.3426 | AP: 0.4788

+++++++++++++++++++++ run : 4 +++++++++++++++++

Epoch 1/50 - Loss: 367.8836
Epoch 17/50 - Loss: 357.3775
Epoch 33/50 - Loss: 355.3472
Epoch 49/50 - Loss: 359.8824
\DATE finishing... after 9.981 mn
DATE --> AUC: 0.8556 | FPR@95: 0.3476 | AP: 0.4095

+++++++++++++++++++++ run : 5 +++++++++++++++++

Epoch 1/50 - Loss: 388.3191
Epoch 17/50 - Loss: 359.7820
Epoch 33/50 - Loss: 356.8474
Epoch 49/50 - Loss: 356.7154
\DATE finishing... after 9.997 mn
DATE --> AUC: 0.8025 | FPR@95: 0.2810 | AP: 0.7516

+++++++++++++++++++++ run : 6 +++++++++++++++++

Epoch 1/50 - Loss: 378.9089
Epoch 17/50 - Loss: 356.9382
Epoch 33/50 - Loss: 356.3249
Epoch 49/50 - Loss: 359.8389
\DATE finishing... after 9.971 mn
DATE --> AUC: 0.8363 | FPR@95: 0.3101 | AP: 0.4078

+++++++++++++++++++++ run : 7 +++++++++++++++++

Epoch 1/50 - Loss: 382.7981
Epoch 17/50 - Loss: 363.4424
Epoch 33/50 - Loss: 354.9831
Epoch 49/50 - Loss: 354.8378
\DATE finishing... after 9.960 mn
DATE --> AUC: 0.8418 | FPR@95: 0.3348 | AP: 0.6003

+++++++++++++++++++++ run : 8 +++++++++++++++++

Epoch 1/50 - Loss: 370.6720
Epoch 17/50 - Loss: 373.0374
Epoch 33/50 - Loss: 358.6023
Epoch 49/50 - Loss: 356.3682
\DATE finishing... after 10.012 mn
DATE --> AUC: 0.8532 | FPR@95: 0.3772 | AP: 0.4916

+++++++++++++++++++++ run : 9 +++++++++++++++++

Epoch 1/50 - Loss: 376.8934
Epoch 17/50 - Loss: 365.8001
Epoch 33/50 - Loss: 359.7266
Epoch 49/50 - Loss: 354.9636
\DATE finishing... after 10.002 mn
DATE --> AUC: 0.8326 | FPR@95: 0.3486 | AP: 0.5980

+++++++++++++++++++++ run : 10 +++++++++++++++++

Epoch 1/50 - Loss: 383.0375
Epoch 17/50 - Loss: 362.8688
Epoch 33/50 - Loss: 353.6778
Epoch 49/50 - Loss: 357.2713
\DATE finishing... after 9.993 mn
DATE --> AUC: 0.8505 | FPR@95: 0.3217 | AP: 0.3991

Résultats mis à jour pour (20newsgroups, computer, sentence_bert, DATE).
------------------------ recreation(2/6) -----------------------------
 Embedding : sentence_bert --> torch.Size([2074, 768])
{'batch_size': 32, 'latent_dim': 256, 'sinu': False, 'batchnorm': False, 'dropout': 0.1, 'lr': 0.0001, 'weight_decay': 1e-06, 'n_epochs': 25, 'source': 'sphere', 'target': 'torch.Size([2074, 384])'}
+++++++++++++++++++++ run : 1 +++++++++++++++++

Epoch 1/50 - Loss: 365.4254
Epoch 17/50 - Loss: 361.5860
Epoch 33/50 - Loss: 361.8310
Epoch 49/50 - Loss: 366.6742
\DATE finishing... after 8.033 mn
DATE --> AUC: 0.7571 | FPR@95: 0.2235 | AP: 0.7277

+++++++++++++++++++++ run : 2 +++++++++++++++++

Epoch 1/50 - Loss: 368.7700
Epoch 17/50 - Loss: 356.0786
Epoch 33/50 - Loss: 354.1083
Epoch 49/50 - Loss: 355.8306
\DATE finishing... after 8.053 mn
DATE --> AUC: 0.7216 | FPR@95: 0.1923 | AP: 0.8983

+++++++++++++++++++++ run : 3 +++++++++++++++++

Epoch 1/50 - Loss: 387.7965
Epoch 17/50 - Loss: 359.0232
Epoch 33/50 - Loss: 356.5126
Epoch 49/50 - Loss: 359.6516
\DATE finishing... after 8.024 mn
DATE --> AUC: 0.7375 | FPR@95: 0.1944 | AP: 0.7160

+++++++++++++++++++++ run : 4 +++++++++++++++++

Epoch 1/50 - Loss: 393.7944
Epoch 17/50 - Loss: 350.5041
Epoch 33/50 - Loss: 358.3827
Epoch 49/50 - Loss: 358.4572
\DATE finishing... after 8.061 mn
DATE --> AUC: 0.7466 | FPR@95: 0.2241 | AP: 0.8068

+++++++++++++++++++++ run : 5 +++++++++++++++++

Epoch 1/50 - Loss: 387.2110
Epoch 17/50 - Loss: 351.4254
Epoch 33/50 - Loss: 351.4387
Epoch 49/50 - Loss: 353.4366
\DATE finishing... after 8.042 mn
DATE --> AUC: 0.6966 | FPR@95: 0.1953 | AP: 0.9245

+++++++++++++++++++++ run : 6 +++++++++++++++++

Epoch 1/50 - Loss: 368.6878
Epoch 17/50 - Loss: 363.3389
Epoch 33/50 - Loss: 357.2972
Epoch 49/50 - Loss: 357.7030
\DATE finishing... after 8.067 mn
DATE --> AUC: 0.7358 | FPR@95: 0.2251 | AP: 0.7545

+++++++++++++++++++++ run : 7 +++++++++++++++++

Epoch 1/50 - Loss: 366.8697
Epoch 17/50 - Loss: 357.7762
Epoch 33/50 - Loss: 362.0366
Epoch 49/50 - Loss: 353.6883
\DATE finishing... after 8.055 mn
DATE --> AUC: 0.7384 | FPR@95: 0.2041 | AP: 0.7153

+++++++++++++++++++++ run : 8 +++++++++++++++++

Epoch 1/50 - Loss: 364.8497
Epoch 17/50 - Loss: 363.8209
Epoch 33/50 - Loss: 354.3808
Epoch 49/50 - Loss: 366.9027
\DATE finishing... after 8.038 mn
DATE --> AUC: 0.6952 | FPR@95: 0.1732 | AP: 0.7705

+++++++++++++++++++++ run : 9 +++++++++++++++++

Epoch 1/50 - Loss: 377.0566
Epoch 17/50 - Loss: 361.1993
Epoch 33/50 - Loss: 361.2522
Epoch 49/50 - Loss: 363.1021
\DATE finishing... after 8.054 mn
DATE --> AUC: 0.6971 | FPR@95: 0.1760 | AP: 0.7734

+++++++++++++++++++++ run : 10 +++++++++++++++++

Epoch 1/50 - Loss: 374.1001
Epoch 17/50 - Loss: 358.5822
Epoch 33/50 - Loss: 346.8795
Epoch 49/50 - Loss: 355.9861
\DATE finishing... after 8.057 mn
DATE --> AUC: 0.7505 | FPR@95: 0.2421 | AP: 0.8656

Résultats mis à jour pour (20newsgroups, recreation, sentence_bert, DATE).
------------------------ science(3/6) -----------------------------
 Embedding : sentence_bert --> torch.Size([2080, 768])
{'batch_size': 64, 'latent_dim': 256, 'sinu': False, 'batchnorm': False, 'dropout': 0.1, 'lr': 0.0001, 'weight_decay': 1e-06, 'n_epochs': 100, 'source': 'sphere', 'target': 'torch.Size([2080, 384])'}
+++++++++++++++++++++ run : 1 +++++++++++++++++

Epoch 1/50 - Loss: 378.0857
Epoch 17/50 - Loss: 366.1890
Epoch 33/50 - Loss: 363.1696
Epoch 49/50 - Loss: 362.8795
\DATE finishing... after 8.090 mn
DATE --> AUC: 0.5680 | FPR@95: 0.1362 | AP: 0.9204

+++++++++++++++++++++ run : 2 +++++++++++++++++

Epoch 1/50 - Loss: 379.2331
Epoch 17/50 - Loss: 358.2232
Epoch 33/50 - Loss: 366.2296
Epoch 49/50 - Loss: 349.6719
\DATE finishing... after 8.051 mn
DATE --> AUC: 0.5683 | FPR@95: 0.1341 | AP: 0.9357

+++++++++++++++++++++ run : 3 +++++++++++++++++

Epoch 1/50 - Loss: 375.6223
Epoch 17/50 - Loss: 376.4505
Epoch 33/50 - Loss: 354.8140
Epoch 49/50 - Loss: 354.8110
\DATE finishing... after 8.047 mn
DATE --> AUC: 0.6369 | FPR@95: 0.1514 | AP: 0.8926

+++++++++++++++++++++ run : 4 +++++++++++++++++

Epoch 1/50 - Loss: 377.4442
Epoch 17/50 - Loss: 363.0607
Epoch 33/50 - Loss: 351.4038
Epoch 49/50 - Loss: 368.6117
\DATE finishing... after 8.077 mn
DATE --> AUC: 0.6039 | FPR@95: 0.1491 | AP: 0.9489

+++++++++++++++++++++ run : 5 +++++++++++++++++

Epoch 1/50 - Loss: 373.6420
Epoch 17/50 - Loss: 364.6416
Epoch 33/50 - Loss: 351.8519
Epoch 49/50 - Loss: 367.8367
\DATE finishing... after 8.064 mn
DATE --> AUC: 0.5960 | FPR@95: 0.1288 | AP: 0.9080

+++++++++++++++++++++ run : 6 +++++++++++++++++

Epoch 1/50 - Loss: 384.8022
Epoch 17/50 - Loss: 361.4012
Epoch 33/50 - Loss: 356.3679
Epoch 49/50 - Loss: 361.1915
\DATE finishing... after 8.057 mn
DATE --> AUC: 0.6045 | FPR@95: 0.1417 | AP: 0.9299

+++++++++++++++++++++ run : 7 +++++++++++++++++

Epoch 1/50 - Loss: 382.8883
Epoch 17/50 - Loss: 355.8112
Epoch 33/50 - Loss: 348.3930
Epoch 49/50 - Loss: 346.3765
\DATE finishing... after 8.076 mn
DATE --> AUC: 0.5960 | FPR@95: 0.1530 | AP: 0.9533

+++++++++++++++++++++ run : 8 +++++++++++++++++

Epoch 1/50 - Loss: 379.4806
Epoch 17/50 - Loss: 367.4651
Epoch 33/50 - Loss: 360.2981
Epoch 49/50 - Loss: 359.4858
\DATE finishing... after 8.028 mn
DATE --> AUC: 0.6069 | FPR@95: 0.1558 | AP: 0.9167

+++++++++++++++++++++ run : 9 +++++++++++++++++

