Job ID: 1956747

<<<<<<<<<<<<<< sst2 >>>>>>>>>>>>>>>>>>>

------------------------ positive(1/1) -----------------------------
torch.Size([25000, 256, 768])
+++++++++++++++++++++ run : 1 / 2 +++++++++++++++++

torch.Size([444, 256, 768])

Epoch 1/150
Train Loss: 0.0102, LR: 0.000020
tensor(0.9990, device='cuda:0', grad_fn=<ExpBackward0>)

Epoch 51/150
Train Loss: 0.0022, LR: 0.001000
tensor(0.4511, device='cuda:0', grad_fn=<ExpBackward0>)

Epoch 101/150
Train Loss: 0.0007, LR: 0.000500
tensor(0.2277, device='cuda:0', grad_fn=<ExpBackward0>)

FM Transformer finishing... after 23.674 mn
AUC:        0.5768
Avg Precision: 0.1382
FPR@95:     0.9075
FM --> AUC: 0.5768 | FPR@95: 0.9075 | AP: 0.1382

+++++++++++++++++++++ run : 2 / 2 +++++++++++++++++

torch.Size([444, 256, 768])

Epoch 1/150
Train Loss: 0.0102, LR: 0.000020
tensor(0.9990, device='cuda:0', grad_fn=<ExpBackward0>)

Epoch 51/150
Train Loss: 0.0022, LR: 0.001000
tensor(0.4511, device='cuda:0', grad_fn=<ExpBackward0>)

Epoch 101/150
Train Loss: 0.0007, LR: 0.000500
tensor(0.2277, device='cuda:0', grad_fn=<ExpBackward0>)
