Job ID: 1969682

<<<<<<<<<<<<<< imdb >>>>>>>>>>>>>>>>>>>

------------------------ positive(1/1) -----------------------------
st5_large_embedding
torch.Size([12500, 768])
+++++++++++++++++++++ run : 1 / 4 +++++++++++++++++

st5_large_embedding
torch.Size([12500, 768])

Epoch 1/350
Train Loss: 0.0105, LR: 0.000007
tensor(0.9998, device='cuda:0', grad_fn=<ExpBackward0>)

Epoch 117/350
Train Loss: 0.0026, LR: 0.000775
tensor(0.4718, device='cuda:0', grad_fn=<ExpBackward0>)

Epoch 233/350
Train Loss: 0.0009, LR: 0.000639
tensor(0.2119, device='cuda:0', grad_fn=<ExpBackward0>)

Epoch 349/350
Train Loss: 0.0008, LR: 0.000000
tensor(0.1892, device='cuda:0', grad_fn=<ExpBackward0>)

FM Transformer finishing... after 6.190 mn
AUC:        0.5054
Avg Precision: 0.1032
FPR@95:     0.9430
FM --> AUC: 0.5054 | FPR@95: 0.9430 | AP: 0.1032

+++++++++++++++++++++ run : 2 / 4 +++++++++++++++++

st5_large_embedding
torch.Size([12500, 768])

Epoch 1/350
Train Loss: 0.0105, LR: 0.000007
tensor(0.9998, device='cuda:0', grad_fn=<ExpBackward0>)

Epoch 117/350
Train Loss: 0.0026, LR: 0.000775
tensor(0.4718, device='cuda:0', grad_fn=<ExpBackward0>)

Epoch 233/350
Train Loss: 0.0009, LR: 0.000639
tensor(0.2119, device='cuda:0', grad_fn=<ExpBackward0>)

Epoch 349/350
Train Loss: 0.0008, LR: 0.000000
tensor(0.1893, device='cuda:0', grad_fn=<ExpBackward0>)

FM Transformer finishing... after 5.893 mn
AUC:        0.5084
Avg Precision: 0.1056
FPR@95:     0.9320
FM --> AUC: 0.5084 | FPR@95: 0.9320 | AP: 0.1056

+++++++++++++++++++++ run : 3 / 4 +++++++++++++++++

st5_large_embedding
torch.Size([12500, 768])

Epoch 1/350
Train Loss: 0.0105, LR: 0.000007
tensor(0.9998, device='cuda:0', grad_fn=<ExpBackward0>)

Epoch 117/350
Train Loss: 0.0026, LR: 0.000775
tensor(0.4718, device='cuda:0', grad_fn=<ExpBackward0>)

Epoch 233/350
Train Loss: 0.0009, LR: 0.000639
tensor(0.2121, device='cuda:0', grad_fn=<ExpBackward0>)

Epoch 349/350
Train Loss: 0.0008, LR: 0.000000
tensor(0.1894, device='cuda:0', grad_fn=<ExpBackward0>)

FM Transformer finishing... after 5.866 mn
AUC:        0.5076
Avg Precision: 0.1035
FPR@95:     0.9436
FM --> AUC: 0.5076 | FPR@95: 0.9436 | AP: 0.1035

+++++++++++++++++++++ run : 4 / 4 +++++++++++++++++

st5_large_embedding
torch.Size([12500, 768])

Epoch 1/350
Train Loss: 0.0105, LR: 0.000007
tensor(0.9998, device='cuda:0', grad_fn=<ExpBackward0>)

Epoch 117/350
Train Loss: 0.0026, LR: 0.000775
tensor(0.4718, device='cuda:0', grad_fn=<ExpBackward0>)

Epoch 233/350
Train Loss: 0.0009, LR: 0.000639
tensor(0.2119, device='cuda:0', grad_fn=<ExpBackward0>)

Epoch 349/350
Train Loss: 0.0008, LR: 0.000000
tensor(0.1893, device='cuda:0', grad_fn=<ExpBackward0>)

FM Transformer finishing... after 5.877 mn
AUC:        0.4922
Avg Precision: 0.1020
FPR@95:     0.9478
FM --> AUC: 0.4922 | FPR@95: 0.9478 | AP: 0.1020

positive 0.5033916977777778 0.9416000000000001 0.10356287288972968
Nouveaux résultats ajoutés pour (imdb, positive, st5, flow-matching-Transformers-Comp, nu=0.0).
Hyperparameters appended to /home/2017025/ayouce01/Textual-Anomaly-Detection-Framework/Anomaly Detection Framework/Results/hyperparameters/fmt_toksen/hyper.txt
