Job ID: 1970553

<<<<<<<<<<<<<< imdb >>>>>>>>>>>>>>>>>>>

------------------------ positive(1/1) -----------------------------
st5_large_embedding
torch.Size([12500, 768])
+++++++++++++++++++++ run : 1 / 4 +++++++++++++++++

st5_large_embedding
torch.Size([12500, 768])

Epoch 1/350
Train Loss: 0.0105, LR: 0.000007
tensor(0.9997, device='cuda:0', grad_fn=<ExpBackward0>)

Epoch 117/350
Train Loss: 0.0012, LR: 0.000775
tensor(0.2851, device='cuda:0', grad_fn=<ExpBackward0>)

Epoch 233/350
Train Loss: 0.0007, LR: 0.000639
tensor(0.1412, device='cuda:0', grad_fn=<ExpBackward0>)

Epoch 349/350
Train Loss: 0.0006, LR: 0.000000
tensor(0.1054, device='cuda:0', grad_fn=<ExpBackward0>)

FM Transformer finishing... after 11.205 mn
AUC:        0.5182
Avg Precision: 0.1072
FPR@95:     0.9269
FM --> AUC: 0.5182 | FPR@95: 0.9269 | AP: 0.1072

+++++++++++++++++++++ run : 2 / 4 +++++++++++++++++

st5_large_embedding
torch.Size([12500, 768])

Epoch 1/350
Train Loss: 0.0105, LR: 0.000007
tensor(0.9997, device='cuda:0', grad_fn=<ExpBackward0>)

Epoch 117/350
Train Loss: 0.0012, LR: 0.000775
tensor(0.2852, device='cuda:0', grad_fn=<ExpBackward0>)

Epoch 233/350
Train Loss: 0.0008, LR: 0.000639
tensor(0.1785, device='cuda:0', grad_fn=<ExpBackward0>)

Epoch 349/350
Train Loss: 0.0006, LR: 0.000000
tensor(0.1112, device='cuda:0', grad_fn=<ExpBackward0>)

FM Transformer finishing... after 10.766 mn
AUC:        0.5416
Avg Precision: 0.1132
FPR@95:     0.9119
FM --> AUC: 0.5416 | FPR@95: 0.9119 | AP: 0.1132

+++++++++++++++++++++ run : 3 / 4 +++++++++++++++++

st5_large_embedding
torch.Size([12500, 768])

Epoch 1/350
Train Loss: 0.0105, LR: 0.000007
tensor(0.9997, device='cuda:0', grad_fn=<ExpBackward0>)

Epoch 117/350
Train Loss: 0.0012, LR: 0.000775
tensor(0.2852, device='cuda:0', grad_fn=<ExpBackward0>)

Epoch 233/350
Train Loss: 0.0006, LR: 0.000639
tensor(0.1192, device='cuda:0', grad_fn=<ExpBackward0>)

Epoch 349/350
Train Loss: 0.0006, LR: 0.000000
tensor(0.1011, device='cuda:0', grad_fn=<ExpBackward0>)

FM Transformer finishing... after 10.797 mn
AUC:        0.5245
Avg Precision: 0.1080
FPR@95:     0.9331
FM --> AUC: 0.5245 | FPR@95: 0.9331 | AP: 0.1080

+++++++++++++++++++++ run : 4 / 4 +++++++++++++++++

st5_large_embedding
torch.Size([12500, 768])

Epoch 1/350
Train Loss: 0.0105, LR: 0.000007
tensor(0.9997, device='cuda:0', grad_fn=<ExpBackward0>)

Epoch 117/350
Train Loss: 0.0012, LR: 0.000775
tensor(0.2851, device='cuda:0', grad_fn=<ExpBackward0>)

Epoch 233/350
Train Loss: 0.0008, LR: 0.000639
tensor(0.1637, device='cuda:0', grad_fn=<ExpBackward0>)

Epoch 349/350
Train Loss: 0.0006, LR: 0.000000
tensor(0.1176, device='cuda:0', grad_fn=<ExpBackward0>)

FM Transformer finishing... after 10.756 mn
AUC:        0.5460
Avg Precision: 0.1163
FPR@95:     0.9261
FM --> AUC: 0.5460 | FPR@95: 0.9261 | AP: 0.1163

positive 0.5325925066666666 0.9245111111111112 0.11118468992730753
Résultats mis à jour pour (imdb, positive, st5, flow-matching-Transformers-Comp, nu=0.0).
Hyperparameters appended to /home/2017025/ayouce01/Textual-Anomaly-Detection-Framework/Anomaly Detection Framework/Results/hyperparameters/fmt_toksen/hyper.txt
